<html>
<body>
<pre>
<h1>礦ision Build Log</h1>
<h2>Tool Versions:</h2>
IDE-Version: μVision V5.14.0.0
Copyright (C) 2015 ARM Ltd and ARM Germany GmbH. All rights reserved.
License Information: a b, c, LIC=50DAR-KT7RT-KUJ4L-0XDV3-Z4PUL-PLSC2
 
Tool Versions:
Toolchain:       MDK-ARM Professional  Version: 5.14.0.0
Toolchain Path:  C:\Keil_v5\ARM\ARMCC\Bin
C Compiler:      Armcc.exe V5.05 update 1 (build 106)
Assembler:       Armasm.exe V5.05 update 1 (build 106)
Linker/Locator:  ArmLink.exe V5.05 update 1 (build 106)
Library Manager: ArmAr.exe V5.05 update 1 (build 106)
Hex Converter:   FromElf.exe V5.05 update 1 (build 106)
CPU DLL:         SARMCM3.DLL V5.14.0.0
Dialog DLL:      DARMSTM.DLL V1.65.0.0
Target DLL:      Segger\JL2CM3.dll V2.99.13.0
Dialog DLL:        TARMSTM.DLL   
 
<h2>Project:</h2>
C:\Users\xin\Desktop\进攻电子\新开始\开发\ver015_测试自稳调试自稳第三阶段\USER\USART.uvprojx
Project File Date:  01/05/2017

<h2>Output:</h2>
Build target 'Target 1'
compiling moto.c...
..\HARDWARE\moto\moto.c(94): warning:  #940-D: missing return statement at end of non-void function "xianzhi"
  }
..\HARDWARE\moto\moto.c: 1 warning, 0 errors
linking...
Program Size: Code=42216 RO-data=3992 RW-data=564 ZI-data=2284  
FromELF: creating hex file...
"..\OBJ\USART.axf" - 0 Error(s), 1 Warning(s).

<h2>Collection of Component include folders:</h2>
  C:\Users\xin\Desktop\进攻电子\新开始\开发\ver015_测试自稳调试自稳第三阶段\USER\RTE
  C:\Keil_v5\ARM\PACK\Keil\STM32F1xx_DFP\1.0.5\Device\Include

<h2>Collection of Component Files used:</h2>
</pre>
</body>
</html>
