Component: ARM Compiler 5.05 update 1 (build 106) Tool: armlink [4d0efa]

==============================================================================

Section Cross References

    main.o(.text) refers to system_stm32f10x.o(.text) for SystemInit
    main.o(.text) refers to misc.o(.text) for NVIC_PriorityGroupConfig
    main.o(.text) refers to delay.o(.text) for delay_init
    main.o(.text) refers to usart.o(.text) for Uart1_Init
    main.o(.text) refers to pwm.o(.text) for TIM3_PWM_Init
    main.o(.text) refers to stm32f10x_tim.o(.text) for TIM_SetCompare1
    main.o(.text) refers to mpu6050.o(.text) for MPU_Init
    main.o(.text) refers to inv_mpu.o(.text) for mpu_dmp_init
    main.o(.text) refers to myiic.o(.text) for IIC_Init
    main.o(.text) refers to ms5611.o(.text) for MS561101BA_RESET
    main.o(.text) refers to timer.o(.text) for TIM4_Cap_Init
    main.o(.text) refers to f2d.o(x$fpl$f2d) for __aeabi_f2d
    main.o(.text) refers to dmul.o(x$fpl$dmul) for __aeabi_dmul
    main.o(.text) refers to fflt_clz.o(x$fpl$fflt) for __aeabi_i2f
    main.o(.text) refers to daddsub_clz.o(x$fpl$dadd) for __aeabi_dadd
    main.o(.text) refers to d2f.o(x$fpl$d2f) for __aeabi_d2f
    main.o(.text) refers to ano-tech.o(.text) for ANO_DT_Send_Senser
    main.o(.text) refers to fflt_clz.o(x$fpl$ffltu) for __aeabi_ui2f
    main.o(.text) refers to fmul.o(x$fpl$fmul) for __aeabi_fmul
    main.o(.text) refers to faddsub_clz.o(x$fpl$fadd) for __aeabi_fadd
    main.o(.text) refers to fleqf.o(x$fpl$fleqf) for __aeabi_cfcmple
    main.o(.text) refers to ffix.o(x$fpl$ffix) for __aeabi_f2iz
    main.o(.text) refers to led.o(.text) for LED_Init
    main.o(.text) refers to moto.o(.text) for Moto_RPY
    main.o(.text) refers to main.o(.data) for xitongshijian
    main.o(.text) refers to timer.o(.data) for channel3_in
    main.o(.text) refers to frleqf.o(x$fpl$frleqf) for __aeabi_cfrcmple
    main.o(.text) refers to main.o(.bss) for gyroz_filter
    stm32f10x_it.o(.text) refers to stm32f10x_rcc.o(.text) for RCC_GetClocksFreq
    stm32f10x_it.o(.text) refers to stm32f10x_it.o(.data) for sysTickUptime
    system_stm32f10x.o(.text) refers to system_stm32f10x.o(.data) for SystemCoreClock
    led.o(.text) refers to stm32f10x_rcc.o(.text) for RCC_APB2PeriphClockCmd
    led.o(.text) refers to stm32f10x_gpio.o(.text) for GPIO_Init
    tim.o(.text) refers to stm32f10x_rcc.o(.text) for RCC_APB1PeriphClockCmd
    tim.o(.text) refers to stm32f10x_tim.o(.text) for TIM_DeInit
    moto.o(.text) refers to fflt_clz.o(x$fpl$fflt) for __aeabi_i2f
    moto.o(.text) refers to faddsub_clz.o(x$fpl$frsb) for __aeabi_frsub
    moto.o(.text) refers to fmul.o(x$fpl$fmul) for __aeabi_fmul
    moto.o(.text) refers to faddsub_clz.o(x$fpl$fadd) for __aeabi_fadd
    moto.o(.text) refers to ffix.o(x$fpl$ffix) for __aeabi_f2iz
    moto.o(.text) refers to faddsub_clz.o(x$fpl$fsub) for __aeabi_fsub
    moto.o(.text) refers to main.o(.data) for cNd1
    moto.o(.text) refers to main.o(.bss) for gyroz_filter
    moto.o(.text) refers to moto.o(.data) for kp_omega_z
    moto.o(.text) refers to f2d.o(x$fpl$f2d) for __aeabi_f2d
    moto.o(.text) refers to dmul.o(x$fpl$dmul) for __aeabi_dmul
    moto.o(.text) refers to d2f.o(x$fpl$d2f) for __aeabi_d2f
    timer.o(.text) refers to stm32f10x_rcc.o(.text) for RCC_APB1PeriphClockCmd
    timer.o(.text) refers to stm32f10x_tim.o(.text) for TIM_TimeBaseInit
    timer.o(.text) refers to misc.o(.text) for NVIC_Init
    timer.o(.text) refers to stm32f10x_gpio.o(.text) for GPIO_Init
    timer.o(.text) refers to main.o(.data) for xitongshijian
    timer.o(.text) refers to timer.o(.bss) for TIM4_ICInitStructure
    timer.o(.text) refers to timer.o(.data) for TIM4CH1_CAPTURE_STA
    wdg.o(.text) refers to stm32f10x_iwdg.o(.text) for IWDG_WriteAccessCmd
    wdg.o(.text) refers to misc.o(.text) for NVIC_Init
    wdg.o(.text) refers to stm32f10x_rcc.o(.text) for RCC_APB1PeriphClockCmd
    wdg.o(.text) refers to stm32f10x_wwdg.o(.text) for WWDG_SetPrescaler
    pwm.o(.text) refers to stm32f10x_rcc.o(.text) for RCC_APB1PeriphClockCmd
    pwm.o(.text) refers to stm32f10x_gpio.o(.text) for GPIO_PinRemapConfig
    pwm.o(.text) refers to stm32f10x_tim.o(.text) for TIM_TimeBaseInit
    ms5611.o(.text) refers to fflt_clz.o(x$fpl$fflt) for __aeabi_i2f
    ms5611.o(.text) refers to fmul.o(x$fpl$fmul) for __aeabi_fmul
    ms5611.o(.text) refers to faddsub_clz.o(x$fpl$fadd) for __aeabi_fadd
    ms5611.o(.text) refers to fdiv.o(x$fpl$fdiv) for __aeabi_fdiv
    ms5611.o(.text) refers to myiic.o(.text) for IIC_Start
    ms5611.o(.text) refers to delay.o(.text) for delay_us
    ms5611.o(.text) refers to dflt_clz.o(x$fpl$dfltu) for __aeabi_ui2d
    ms5611.o(.text) refers to ffixll.o(x$fpl$llsfromf) for __aeabi_f2lz
    ms5611.o(.text) refers to dfltll_clz.o(x$fpl$dfltll) for __aeabi_l2d
    ms5611.o(.text) refers to daddsub_clz.o(x$fpl$drsb) for __aeabi_drsub
    ms5611.o(.text) refers to llsdiv.o(.text) for __aeabi_ldivmod
[...]
    __rt_exit                                0x0800020f   Thumb Code     0  rtexit.o(.ARM.Collect$$rtexit$$00000000)
    __rt_exit_ls                             0x08000211   Thumb Code     0  rtexit2.o(.ARM.Collect$$rtexit$$00000003)
    __rt_exit_prels_1                        0x08000211   Thumb Code     0  rtexit2.o(.ARM.Collect$$rtexit$$00000002)
    __rt_exit_exit                           0x08000215   Thumb Code     0  rtexit2.o(.ARM.Collect$$rtexit$$00000004)
    main                                     0x0800021d   Thumb Code  1768  main.o(.text)
    micros                                   0x0800098d   Thumb Code    58  stm32f10x_it.o(.text)
    cycleCounterInit                         0x080009c7   Thumb Code    26  stm32f10x_it.o(.text)
    NMI_Handler                              0x080009e1   Thumb Code     2  stm32f10x_it.o(.text)
    HardFault_Handler                        0x080009e3   Thumb Code     2  stm32f10x_it.o(.text)
    MemManage_Handler                        0x080009e5   Thumb Code     4  stm32f10x_it.o(.text)
    BusFault_Handler                         0x080009e9   Thumb Code     4  stm32f10x_it.o(.text)
    UsageFault_Handler                       0x080009ed   Thumb Code     4  stm32f10x_it.o(.text)
    SVC_Handler                              0x080009f1   Thumb Code     2  stm32f10x_it.o(.text)
    DebugMon_Handler                         0x080009f3   Thumb Code     2  stm32f10x_it.o(.text)
    PendSV_Handler                           0x080009f5   Thumb Code     2  stm32f10x_it.o(.text)
    SysTick_Handler                          0x080009f7   Thumb Code     2  stm32f10x_it.o(.text)
    SystemInit                               0x08000ae3   Thumb Code    78  system_stm32f10x.o(.text)
    SystemCoreClockUpdate                    0x08000b31   Thumb Code   142  system_stm32f10x.o(.text)
    LED_Init                                 0x08000be5   Thumb Code    72  led.o(.text)
    Moto_PwmRflash                           0x08000c35   Thumb Code   100  moto.o(.text)
    Moto_RPY                                 0x08000c99   Thumb Code    92  moto.o(.text)
    xianzhi                                  0x08000cf5   Thumb Code    28  moto.o(.text)
    cyberNation                              0x08000d11   Thumb Code   964  moto.o(.text)
    cN2rpy                                   0x080010d5   Thumb Code   124  moto.o(.text)
    filter_threeValue                        0x08001151   Thumb Code   258  moto.o(.text)
    TIM5_Int_Init                            0x08001295   Thumb Code    90  timer.o(.text)
    TIM5_IRQHandler                          0x080012ef   Thumb Code    32  timer.o(.text)
    TIM4_Cap_Init                            0x0800130f   Thumb Code   234  timer.o(.text)
    TIM4_IRQHandler                          0x080013f9   Thumb Code   614  timer.o(.text)
    IWDG_Init                                0x080016d5   Thumb Code    36  wdg.o(.text)
    IWDG_Feed                                0x080016f9   Thumb Code     8  wdg.o(.text)
    WWDG_NVIC_Init                           0x08001701   Thumb Code    28  wdg.o(.text)
    WWDG_Init                                0x0800171d   Thumb Code    48  wdg.o(.text)
    WWDG_Set_Counter                         0x0800174d   Thumb Code    12  wdg.o(.text)
    WWDG_IRQHandler                          0x08001759   Thumb Code    14  wdg.o(.text)
    TIM3_PWM_Init                            0x08001769   Thumb Code   192  pwm.o(.text)
    MS561101BA_RESET                         0x080018af   Thumb Code    32  ms5611.o(.text)
    MS5611_init                              0x080018cf   Thumb Code   122  ms5611.o(.text)
    MS561101BA_getConversion                 0x08001949   Thumb Code   140  ms5611.o(.text)
    MS561101BA_GetTemperature                0x080019d5   Thumb Code    48  ms5611.o(.text)
    MS561101BA_getPressure                   0x08001a05   Thumb Code   298  ms5611.o(.text)
    MS561101BA_get_altitude                  0x08001b2f   Thumb Code   200  ms5611.o(.text)
    IIC_Init                                 0x08001c69   Thumb Code    52  myiic.o(.text)
    IIC_Start                                0x08001c9d   Thumb Code    72  myiic.o(.text)
    IIC_Stop                                 0x08001ce5   Thumb Code    66  myiic.o(.text)
    IIC_Wait_Ack                             0x08001d27   Thumb Code    90  myiic.o(.text)
    IIC_Ack                                  0x08001d81   Thumb Code    70  myiic.o(.text)
    IIC_NAck                                 0x08001dc7   Thumb Code    70  myiic.o(.text)
    IIC_Send_Byte                            0x08001e0d   Thumb Code    94  myiic.o(.text)
    IIC_Read_Byte                            0x08001e6b   Thumb Code   102  myiic.o(.text)
    MPU_Write_Byte                           0x08001edd   Thumb Code    68  mpu6050.o(.text)
    MPU_Set_LPF                              0x08001f21   Thumb Code    58  mpu6050.o(.text)
    MPU_Set_Rate                             0x08001f5b   Thumb Code    58  mpu6050.o(.text)
    MPU_Read_Byte                            0x08001f95   Thumb Code    58  mpu6050.o(.text)
    MPU_Set_Accel_Fsr                        0x08001fcf   Thumb Code    16  mpu6050.o(.text)
    MPU_Set_Gyro_Fsr                         0x08001fdf   Thumb Code    16  mpu6050.o(.text)
    MPU_Init                                 0x08001fef   Thumb Code   122  mpu6050.o(.text)
    MPU_Read_Len                             0x08002069   Thumb Code   116  mpu6050.o(.text)
    MPU_Get_Temperature                      0x080020dd   Thumb Code    86  mpu6050.o(.text)
    MPU_Get_Gyroscope                        0x08002133   Thumb Code    80  mpu6050.o(.text)
    MPU_Get_Accelerometer                    0x08002183   Thumb Code    80  mpu6050.o(.text)
    MPU_Write_Len                            0x080021d3   Thumb Code    96  mpu6050.o(.text)
    MPU_IIC_Delay                            0x08002245   Thumb Code    10  mpuiic.o(.text)
    MPU_IIC_Init                             0x0800224f   Thumb Code    50  mpuiic.o(.text)
    MPU_IIC_Start                            0x08002281   Thumb Code    60  mpuiic.o(.text)
    MPU_IIC_Stop                             0x080022bd   Thumb Code    62  mpuiic.o(.text)
    MPU_IIC_Wait_Ack                         0x080022fb   Thumb Code    86  mpuiic.o(.text)
    MPU_IIC_Ack                              0x08002351   Thumb Code    66  mpuiic.o(.text)
    MPU_IIC_NAck                             0x08002393   Thumb Code    66  mpuiic.o(.text)
    MPU_IIC_Send_Byte                        0x080023d5   Thumb Code    82  mpuiic.o(.text)
    MPU_IIC_Read_Byte                        0x08002427   Thumb Code    96  mpuiic.o(.text)
    mpu_reg_dump                             0x0800251f   Thumb Code    84  inv_mpu.o(.text)
    mpu_read_reg                             0x08002573   Thumb Code    66  inv_mpu.o(.text)
    mpu_set_int_latched                      0x080025b5   Thumb Code   102  inv_mpu.o(.text)
    mpu_set_sensors                          0x0800261b   Thumb Code   202  inv_mpu.o(.text)
    mpu_set_bypass                           0x080026e5   Thumb Code   328  inv_mpu.o(.text)
    mpu_reset_fifo                           0x0800282d   Thumb Code   466  inv_mpu.o(.text)
    mpu_configure_fifo                       0x080029ff   Thumb Code   106  inv_mpu.o(.text)
    mpu_set_lpf                              0x08002a69   Thumb Code   126  inv_mpu.o(.text)
    mpu_lp_accel_mode                        0x08002ae7   Thumb Code   218  inv_mpu.o(.text)
    mpu_set_sample_rate                      0x08002bc1   Thumb Code   152  inv_mpu.o(.text)
    mpu_set_accel_fsr                        0x08002c59   Thumb Code   132  inv_mpu.o(.text)
    mpu_set_gyro_fsr                         0x08002cdd   Thumb Code   132  inv_mpu.o(.text)
    mpu_init                                 0x08002d61   Thumb Code   416  inv_mpu.o(.text)
    mget_ms                                  0x08002f01   Thumb Code     2  inv_mpu.o(.text)
    mpu_get_gyro_reg                         0x08002f03   Thumb Code   110  inv_mpu.o(.text)
    mpu_get_accel_reg                        0x08002f71   Thumb Code   110  inv_mpu.o(.text)
    mpu_get_temperature                      0x08002fdf   Thumb Code   150  inv_mpu.o(.text)
    mpu_set_accel_bias                       0x08003075   Thumb Code   468  inv_mpu.o(.text)
    mpu_get_gyro_fsr                         0x08003249   Thumb Code    64  inv_mpu.o(.text)
    mpu_get_accel_fsr                        0x08003289   Thumb Code    72  inv_mpu.o(.text)
    mpu_get_lpf                              0x080032d1   Thumb Code    74  inv_mpu.o(.text)
    mpu_get_sample_rate                      0x0800331b   Thumb Code    26  inv_mpu.o(.text)
    mpu_get_compass_sample_rate              0x08003335   Thumb Code    10  inv_mpu.o(.text)
    mpu_set_compass_sample_rate              0x0800333f   Thumb Code     8  inv_mpu.o(.text)
    mpu_get_gyro_sens                        0x08003347   Thumb Code    58  inv_mpu.o(.text)
    mpu_get_accel_sens                       0x08003381   Thumb Code    78  inv_mpu.o(.text)
    mpu_get_fifo_config                      0x080033cf   Thumb Code    12  inv_mpu.o(.text)
    mpu_get_power_state                      0x080033db   Thumb Code    22  inv_mpu.o(.text)
    mpu_get_int_status                       0x080033f1   Thumb Code    64  inv_mpu.o(.text)
    mpu_read_fifo                            0x08003431   Thumb Code   522  inv_mpu.o(.text)
    mpu_read_fifo_stream                     0x0800363b   Thumb Code   186  inv_mpu.o(.text)
    mpu_set_int_level                        0x080036f5   Thumb Code    12  inv_mpu.o(.text)
    mpu_set_dmp_state                        0x08003dd5   Thumb Code   138  inv_mpu.o(.text)
    mpu_run_self_test                        0x08003e5f   Thumb Code   278  inv_mpu.o(.text)
    mpu_write_mem                            0x08003f75   Thumb Code   122  inv_mpu.o(.text)
    mpu_read_mem                             0x08003fef   Thumb Code   122  inv_mpu.o(.text)
    mpu_load_firmware                        0x08004069   Thumb Code   190  inv_mpu.o(.text)
    mpu_get_dmp_state                        0x08004127   Thumb Code    14  inv_mpu.o(.text)
    setup_compass                            0x08004135   Thumb Code     6  inv_mpu.o(.text)
    mpu_get_compass_reg                      0x0800413b   Thumb Code     8  inv_mpu.o(.text)
    mpu_get_compass_fsr                      0x08004143   Thumb Code     8  inv_mpu.o(.text)
    mpu_lp_motion_interrupt                  0x0800414b   Thumb Code   512  inv_mpu.o(.text)
    run_self_test                            0x0800434b   Thumb Code   148  inv_mpu.o(.text)
    inv_row_2_scale                          0x080043df   Thumb Code    78  inv_mpu.o(.text)
    inv_orientation_matrix_to_scalar         0x0800442d   Thumb Code    40  inv_mpu.o(.text)
    mpu_dmp_init                             0x08004455   Thumb Code   154  inv_mpu.o(.text)
    mpu_dmp_get_data                         0x080044ef   Thumb Code   554  inv_mpu.o(.text)
    dmp_load_motion_driver_firmware          0x0800471d   Thumb Code    20  inv_mpu_dmp_motion_driver.o(.text)
    dmp_set_orientation                      0x08004731   Thumb Code   290  inv_mpu_dmp_motion_driver.o(.text)
    dmp_set_gyro_bias                        0x08004853   Thumb Code   294  inv_mpu_dmp_motion_driver.o(.text)
    dmp_set_accel_bias                       0x08004979   Thumb Code   300  inv_mpu_dmp_motion_driver.o(.text)
    dmp_set_fifo_rate                        0x08004aa5   Thumb Code   136  inv_mpu_dmp_motion_driver.o(.text)
    dmp_get_fifo_rate                        0x08004b2d   Thumb Code    12  inv_mpu_dmp_motion_driver.o(.text)
    dmp_set_tap_thresh                       0x08004b39   Thumb Code   396  inv_mpu_dmp_motion_driver.o(.text)
    dmp_set_tap_axes                         0x08004cc5   Thumb Code    70  inv_mpu_dmp_motion_driver.o(.text)
    dmp_set_tap_count                        0x08004d0b   Thumb Code    38  inv_mpu_dmp_motion_driver.o(.text)
    dmp_set_tap_time                         0x08004d31   Thumb Code    38  inv_mpu_dmp_motion_driver.o(.text)
    dmp_set_tap_time_multi                   0x08004d57   Thumb Code    38  inv_mpu_dmp_motion_driver.o(.text)
    dmp_set_shake_reject_thresh              0x08004d7d   Thumb Code    56  inv_mpu_dmp_motion_driver.o(.text)
    dmp_set_shake_reject_time                0x08004db5   Thumb Code    38  inv_mpu_dmp_motion_driver.o(.text)
    dmp_set_shake_reject_timeout             0x08004ddb   Thumb Code    38  inv_mpu_dmp_motion_driver.o(.text)
    dmp_get_pedometer_step_count             0x08004e01   Thumb Code    66  inv_mpu_dmp_motion_driver.o(.text)
    dmp_set_pedometer_step_count             0x08004e43   Thumb Code    42  inv_mpu_dmp_motion_driver.o(.text)
    dmp_get_pedometer_walk_time              0x08004e6d   Thumb Code    72  inv_mpu_dmp_motion_driver.o(.text)
    dmp_set_pedometer_walk_time              0x08004eb5   Thumb Code    48  inv_mpu_dmp_motion_driver.o(.text)
    dmp_enable_6x_lp_quat                    0x08004ee5   Thumb Code    84  inv_mpu_dmp_motion_driver.o(.text)
    dmp_enable_lp_quat                       0x08004f39   Thumb Code    60  inv_mpu_dmp_motion_driver.o(.text)
    dmp_enable_gyro_cal                      0x08004f75   Thumb Code    62  inv_mpu_dmp_motion_driver.o(.text)
    dmp_enable_feature                       0x08004fb3   Thumb Code   530  inv_mpu_dmp_motion_driver.o(.text)
    dmp_get_enabled_features                 0x080051c5   Thumb Code    12  inv_mpu_dmp_motion_driver.o(.text)
    dmp_set_interrupt_mode                   0x0800522f   Thumb Code    66  inv_mpu_dmp_motion_driver.o(.text)
    dmp_read_fifo                            0x08005271   Thumb Code   514  inv_mpu_dmp_motion_driver.o(.text)
    dmp_register_tap_cb                      0x08005473   Thumb Code    10  inv_mpu_dmp_motion_driver.o(.text)
    dmp_register_android_orient_cb           0x0800547d   Thumb Code    10  inv_mpu_dmp_motion_driver.o(.text)
    usart1_send_char                         0x0800548d   Thumb Code    28  ano-tech.o(.text)
    usart1_niming_report                     0x080054a9   Thumb Code   118  ano-tech.o(.text)
    mpu6050_send_data                        0x0800551f   Thumb Code   110  ano-tech.o(.text)
    usart1_report_imu                        0x0800558d   Thumb Code   192  ano-tech.o(.text)
    ANO_DT_Send_Data                         0x0800564d   Thumb Code    34  ano-tech.o(.text)
    ANO_DT_Send_Status                       0x0800566f   Thumb Code   320  ano-tech.o(.text)
    ANO_DT_Send_Senser                       0x080057af   Thumb Code   390  ano-tech.o(.text)
    delay_init                               0x08005939   Thumb Code    50  delay.o(.text)
    delay_us                                 0x0800596b   Thumb Code    72  delay.o(.text)
    delay_ms                                 0x080059b3   Thumb Code    72  delay.o(.text)
    _sys_exit                                0x08005a0d   Thumb Code     4  usart.o(.text)
    fputc                                    0x08005a11   Thumb Code    32  usart.o(.text)
    Uart1_Init                               0x08005a31   Thumb Code   136  usart.o(.text)
    Uart1_IRQ                                0x08005ab9   Thumb Code   214  usart.o(.text)
    Uart1_Put_Char                           0x08005b8f   Thumb Code    56  usart.o(.text)
    Uart1_Put_Int16                          0x08005bc7   Thumb Code    84  usart.o(.text)
    Uart1_Put_Float                          0x08005c1b   Thumb Code   132  usart.o(.text)
    Uart1_Put_String                         0x08005c9f   Thumb Code    46  usart.o(.text)
    Uart_DataAnl                             0x08005ccd   Thumb Code    28  usart.o(.text)
    Uart_CheckEvent                          0x08005ce9   Thumb Code   100  usart.o(.text)
    Uart1_Send_Buf                           0x08005d4d   Thumb Code    26  usart.o(.text)
    PC_Debug_Show                            0x08005d67   Thumb Code   246  usart.o(.text)
    Reset_Handler                            0x08005e5d   Thumb Code     8  startup_stm32f10x_hd.o(.text)
    ADC1_2_IRQHandler                        0x08005e77   Thumb Code     0  startup_stm32f10x_hd.o(.text)
    ADC3_IRQHandler                          0x08005e77   Thumb Code     0  startup_stm32f10x_hd.o(.text)
    CAN1_RX1_IRQHandler                      0x08005e77   Thumb Code     0  startup_stm32f10x_hd.o(.text)
    CAN1_SCE_IRQHandler                      0x08005e77   Thumb Code     0  startup_stm32f10x_hd.o(.text)
    DMA1_Channel1_IRQHandler                 0x08005e77   Thumb Code     0  startup_stm32f10x_hd.o(.text)
    DMA1_Channel2_IRQHandler                 0x08005e77   Thumb Code     0  startup_stm32f10x_hd.o(.text)
    DMA1_Channel3_IRQHandler                 0x08005e77   Thumb Code     0  startup_stm32f10x_hd.o(.text)
    DMA1_Channel4_IRQHandler                 0x08005e77   Thumb Code     0  startup_stm32f10x_hd.o(.text)
    DMA1_Channel5_IRQHandler                 0x08005e77   Thumb Code     0  startup_stm32f10x_hd.o(.text)
    DMA1_Channel6_IRQHandler                 0x08005e77   Thumb Code     0  startup_stm32f10x_hd.o(.text)
    DMA1_Channel7_IRQHandler                 0x08005e77   Thumb Code     0  startup_stm32f10x_hd.o(.text)
    DMA2_Channel1_IRQHandler                 0x08005e77   Thumb Code     0  startup_stm32f10x_hd.o(.text)
    DMA2_Channel2_IRQHandler                 0x08005e77   Thumb Code     0  startup_stm32f10x_hd.o(.text)
    DMA2_Channel3_IRQHandler                 0x08005e77   Thumb Code     0  startup_stm32f10x_hd.o(.text)
    DMA2_Channel4_5_IRQHandler               0x08005e77   Thumb Code     0  startup_stm32f10x_hd.o(.text)
    EXTI0_IRQHandler                         0x08005e77   Thumb Code     0  startup_stm32f10x_hd.o(.text)
    EXTI15_10_IRQHandler                     0x08005e77   Thumb Code     0  startup_stm32f10x_hd.o(.text)
    EXTI1_IRQHandler                         0x08005e77   Thumb Code     0  startup_stm32f10x_hd.o(.text)
    EXTI2_IRQHandler                         0x08005e77   Thumb Code     0  startup_stm32f10x_hd.o(.text)
    EXTI3_IRQHandler                         0x08005e77   Thumb Code     0  startup_stm32f10x_hd.o(.text)
    EXTI4_IRQHandler                         0x08005e77   Thumb Code     0  startup_stm32f10x_hd.o(.text)
    EXTI9_5_IRQHandler                       0x08005e77   Thumb Code     0  startup_stm32f10x_hd.o(.text)
    FLASH_IRQHandler                         0x08005e77   Thumb Code     0  startup_stm32f10x_hd.o(.text)
    FSMC_IRQHandler                          0x08005e77   Thumb Code     0  startup_stm32f10x_hd.o(.text)
    I2C1_ER_IRQHandler                       0x08005e77   Thumb Code     0  startup_stm32f10x_hd.o(.text)
    I2C1_EV_IRQHandler                       0x08005e77   Thumb Code     0  startup_stm32f10x_hd.o(.text)
    I2C2_ER_IRQHandler                       0x08005e77   Thumb Code     0  startup_stm32f10x_hd.o(.text)
    I2C2_EV_IRQHandler                       0x08005e77   Thumb Code     0  startup_stm32f10x_hd.o(.text)
    PVD_IRQHandler                           0x08005e77   Thumb Code     0  startup_stm32f10x_hd.o(.text)
    RCC_IRQHandler                           0x08005e77   Thumb Code     0  startup_stm32f10x_hd.o(.text)
    RTCAlarm_IRQHandler                      0x08005e77   Thumb Code     0  startup_stm32f10x_hd.o(.text)
    RTC_IRQHandler                           0x08005e77   Thumb Code     0  startup_stm32f10x_hd.o(.text)
    SDIO_IRQHandler                          0x08005e77   Thumb Code     0  startup_stm32f10x_hd.o(.text)
    SPI1_IRQHandler                          0x08005e77   Thumb Code     0  startup_stm32f10x_hd.o(.text)
    SPI2_IRQHandler                          0x08005e77   Thumb Code     0  startup_stm32f10x_hd.o(.text)
    SPI3_IRQHandler                          0x08005e77   Thumb Code     0  startup_stm32f10x_hd.o(.text)
    TAMPER_IRQHandler                        0x08005e77   Thumb Code     0  startup_stm32f10x_hd.o(.text)
    TIM1_BRK_IRQHandler                      0x08005e77   Thumb Code     0  startup_stm32f10x_hd.o(.text)
    TIM1_CC_IRQHandler                       0x08005e77   Thumb Code     0  startup_stm32f10x_hd.o(.text)
    TIM1_TRG_COM_IRQHandler                  0x08005e77   Thumb Code     0  startup_stm32f10x_hd.o(.text)
    TIM1_UP_IRQHandler                       0x08005e77   Thumb Code     0  startup_stm32f10x_hd.o(.text)
    TIM2_IRQHandler                          0x08005e77   Thumb Code     0  startup_stm32f10x_hd.o(.text)
    TIM3_IRQHandler                          0x08005e77   Thumb Code     0  startup_stm32f10x_hd.o(.text)
    TIM6_IRQHandler                          0x08005e77   Thumb Code     0  startup_stm32f10x_hd.o(.text)
    TIM7_IRQHandler                          0x08005e77   Thumb Code     0  startup_stm32f10x_hd.o(.text)
    TIM8_BRK_IRQHandler                      0x08005e77   Thumb Code     0  startup_stm32f10x_hd.o(.text)
    TIM8_CC_IRQHandler                       0x08005e77   Thumb Code     0  startup_stm32f10x_hd.o(.text)
    TIM8_TRG_COM_IRQHandler                  0x08005e77   Thumb Code     0  startup_stm32f10x_hd.o(.text)
    TIM8_UP_IRQHandler                       0x08005e77   Thumb Code     0  startup_stm32f10x_hd.o(.text)
    UART4_IRQHandler                         0x08005e77   Thumb Code     0  startup_stm32f10x_hd.o(.text)
    UART5_IRQHandler                         0x08005e77   Thumb Code     0  startup_stm32f10x_hd.o(.text)
    USART1_IRQHandler                        0x08005e77   Thumb Code     0  startup_stm32f10x_hd.o(.text)
    USART2_IRQHandler                        0x08005e77   Thumb Code     0  startup_stm32f10x_hd.o(.text)
    USART3_IRQHandler                        0x08005e77   Thumb Code     0  startup_stm32f10x_hd.o(.text)
    USBWakeUp_IRQHandler                     0x08005e77   Thumb Code     0  startup_stm32f10x_hd.o(.text)
    USB_HP_CAN1_TX_IRQHandler                0x08005e77   Thumb Code     0  startup_stm32f10x_hd.o(.text)
    USB_LP_CAN1_RX0_IRQHandler               0x08005e77   Thumb Code     0  startup_stm32f10x_hd.o(.text)
    __user_initial_stackheap                 0x08005e79   Thumb Code     0  startup_stm32f10x_hd.o(.text)
    GPIO_DeInit                              0x08005e9d   Thumb Code   172  stm32f10x_gpio.o(.text)
    GPIO_AFIODeInit                          0x08005f49   Thumb Code    20  stm32f10x_gpio.o(.text)
    GPIO_Init                                0x08005f5d   Thumb Code   278  stm32f10x_gpio.o(.text)
    GPIO_StructInit                          0x08006073   Thumb Code    16  stm32f10x_gpio.o(.text)
    GPIO_ReadInputDataBit                    0x08006083   Thumb Code    18  stm32f10x_gpio.o(.text)
    GPIO_ReadInputData                       0x08006095   Thumb Code     8  stm32f10x_gpio.o(.text)
    GPIO_ReadOutputDataBit                   0x0800609d   Thumb Code    18  stm32f10x_gpio.o(.text)
    GPIO_ReadOutputData                      0x080060af   Thumb Code     8  stm32f10x_gpio.o(.text)
    GPIO_SetBits                             0x080060b7   Thumb Code     4  stm32f10x_gpio.o(.text)
    GPIO_ResetBits                           0x080060bb   Thumb Code     4  stm32f10x_gpio.o(.text)
    GPIO_WriteBit                            0x080060bf   Thumb Code    10  stm32f10x_gpio.o(.text)
    GPIO_Write                               0x080060c9   Thumb Code     4  stm32f10x_gpio.o(.text)
    GPIO_PinLockConfig                       0x080060cd   Thumb Code    18  stm32f10x_gpio.o(.text)
    GPIO_EventOutputConfig                   0x080060df   Thumb Code    26  stm32f10x_gpio.o(.text)
    GPIO_EventOutputCmd                      0x080060f9   Thumb Code     6  stm32f10x_gpio.o(.text)
    GPIO_PinRemapConfig                      0x080060ff   Thumb Code   138  stm32f10x_gpio.o(.text)
    GPIO_EXTILineConfig                      0x08006189   Thumb Code    66  stm32f10x_gpio.o(.text)
    GPIO_ETH_MediaInterfaceConfig            0x080061cb   Thumb Code     8  stm32f10x_gpio.o(.text)
    RCC_DeInit                               0x080061f9   Thumb Code    64  stm32f10x_rcc.o(.text)
    RCC_HSEConfig                            0x08006239   Thumb Code    70  stm32f10x_rcc.o(.text)
    RCC_GetFlagStatus                        0x0800627f   Thumb Code    56  stm32f10x_rcc.o(.text)
    RCC_WaitForHSEStartUp                    0x080062b7   Thumb Code    56  stm32f10x_rcc.o(.text)
    RCC_AdjustHSICalibrationValue            0x080062ef   Thumb Code    20  stm32f10x_rcc.o(.text)
    RCC_HSICmd                               0x08006303   Thumb Code     6  stm32f10x_rcc.o(.text)
    RCC_PLLConfig                            0x08006309   Thumb Code    24  stm32f10x_rcc.o(.text)
    RCC_PLLCmd                               0x08006321   Thumb Code     6  stm32f10x_rcc.o(.text)
    RCC_SYSCLKConfig                         0x08006327   Thumb Code    18  stm32f10x_rcc.o(.text)
    RCC_GetSYSCLKSource                      0x08006339   Thumb Code    10  stm32f10x_rcc.o(.text)
    RCC_HCLKConfig                           0x08006343   Thumb Code    18  stm32f10x_rcc.o(.text)
    RCC_PCLK1Config                          0x08006355   Thumb Code    18  stm32f10x_rcc.o(.text)
    RCC_PCLK2Config                          0x08006367   Thumb Code    20  stm32f10x_rcc.o(.text)
    RCC_ITConfig                             0x0800637b   Thumb Code    26  stm32f10x_rcc.o(.text)
    RCC_USBCLKConfig                         0x08006395   Thumb Code     8  stm32f10x_rcc.o(.text)
    RCC_ADCCLKConfig                         0x0800639d   Thumb Code    18  stm32f10x_rcc.o(.text)
    RCC_LSEConfig                            0x080063af   Thumb Code    50  stm32f10x_rcc.o(.text)
    RCC_LSICmd                               0x080063e1   Thumb Code     6  stm32f10x_rcc.o(.text)
    RCC_RTCCLKConfig                         0x080063e7   Thumb Code    12  stm32f10x_rcc.o(.text)
    RCC_RTCCLKCmd                            0x080063f3   Thumb Code     8  stm32f10x_rcc.o(.text)
    RCC_GetClocksFreq                        0x080063fb   Thumb Code   192  stm32f10x_rcc.o(.text)
    RCC_AHBPeriphClockCmd                    0x080064bb   Thumb Code    26  stm32f10x_rcc.o(.text)
    RCC_APB2PeriphClockCmd                   0x080064d5   Thumb Code    26  stm32f10x_rcc.o(.text)
    RCC_APB1PeriphClockCmd                   0x080064ef   Thumb Code    26  stm32f10x_rcc.o(.text)
    RCC_APB2PeriphResetCmd                   0x08006509   Thumb Code    26  stm32f10x_rcc.o(.text)
    RCC_APB1PeriphResetCmd                   0x08006523   Thumb Code    26  stm32f10x_rcc.o(.text)
    RCC_BackupResetCmd                       0x0800653d   Thumb Code     8  stm32f10x_rcc.o(.text)
    RCC_ClockSecuritySystemCmd               0x08006545   Thumb Code     6  stm32f10x_rcc.o(.text)
    RCC_MCOConfig                            0x0800654b   Thumb Code     6  stm32f10x_rcc.o(.text)
    RCC_ClearFlag                            0x08006551   Thumb Code    14  stm32f10x_rcc.o(.text)
    RCC_GetITStatus                          0x0800655f   Thumb Code    20  stm32f10x_rcc.o(.text)
    RCC_ClearITPendingBit                    0x08006573   Thumb Code     6  stm32f10x_rcc.o(.text)
    USART_DeInit                             0x0800659d   Thumb Code   134  stm32f10x_usart.o(.text)
    USART_Init                               0x08006623   Thumb Code   210  stm32f10x_usart.o(.text)
    USART_StructInit                         0x080066f5   Thumb Code    24  stm32f10x_usart.o(.text)
    USART_ClockInit                          0x0800670d   Thumb Code    34  stm32f10x_usart.o(.text)
    USART_ClockStructInit                    0x0800672f   Thumb Code    12  stm32f10x_usart.o(.text)
    USART_Cmd                                0x0800673b   Thumb Code    24  stm32f10x_usart.o(.text)
    USART_ITConfig                           0x08006753   Thumb Code    74  stm32f10x_usart.o(.text)
    USART_DMACmd                             0x0800679d   Thumb Code    18  stm32f10x_usart.o(.text)
    USART_SetAddress                         0x080067af   Thumb Code    18  stm32f10x_usart.o(.text)
    USART_WakeUpConfig                       0x080067c1   Thumb Code    18  stm32f10x_usart.o(.text)
    USART_ReceiverWakeUpCmd                  0x080067d3   Thumb Code    24  stm32f10x_usart.o(.text)
    USART_LINBreakDetectLengthConfig         0x080067eb   Thumb Code    18  stm32f10x_usart.o(.text)
    USART_LINCmd                             0x080067fd   Thumb Code    24  stm32f10x_usart.o(.text)
    USART_SendData                           0x08006815   Thumb Code     8  stm32f10x_usart.o(.text)
    USART_ReceiveData                        0x0800681d   Thumb Code    10  stm32f10x_usart.o(.text)
    USART_SendBreak                          0x08006827   Thumb Code    10  stm32f10x_usart.o(.text)
    USART_SetGuardTime                       0x08006831   Thumb Code    16  stm32f10x_usart.o(.text)
    USART_SetPrescaler                       0x08006841   Thumb Code    16  stm32f10x_usart.o(.text)
    USART_SmartCardCmd                       0x08006851   Thumb Code    24  stm32f10x_usart.o(.text)
    USART_SmartCardNACKCmd                   0x08006869   Thumb Code    24  stm32f10x_usart.o(.text)
    USART_HalfDuplexCmd                      0x08006881   Thumb Code    24  stm32f10x_usart.o(.text)
    USART_OverSampling8Cmd                   0x08006899   Thumb Code    22  stm32f10x_usart.o(.text)
    USART_OneBitMethodCmd                    0x080068af   Thumb Code    24  stm32f10x_usart.o(.text)
    USART_IrDAConfig                         0x080068c7   Thumb Code    18  stm32f10x_usart.o(.text)
    USART_IrDACmd                            0x080068d9   Thumb Code    24  stm32f10x_usart.o(.text)
    USART_GetFlagStatus                      0x080068f1   Thumb Code    26  stm32f10x_usart.o(.text)
    USART_ClearFlag                          0x0800690b   Thumb Code    18  stm32f10x_usart.o(.text)
    USART_GetITStatus                        0x0800691d   Thumb Code    84  stm32f10x_usart.o(.text)
    USART_ClearITPendingBit                  0x08006971   Thumb Code    52  stm32f10x_usart.o(.text)
    NVIC_PriorityGroupConfig                 0x080069a5   Thumb Code    10  misc.o(.text)
    NVIC_Init                                0x080069af   Thumb Code   100  misc.o(.text)
    NVIC_SetVectorTable                      0x08006a13   Thumb Code    14  misc.o(.text)
    NVIC_SystemLPConfig                      0x08006a21   Thumb Code    34  misc.o(.text)
    SysTick_CLKSourceConfig                  0x08006a43   Thumb Code    40  misc.o(.text)
    IWDG_WriteAccessCmd                      0x08006a81   Thumb Code     6  stm32f10x_iwdg.o(.text)
    IWDG_SetPrescaler                        0x08006a87   Thumb Code     6  stm32f10x_iwdg.o(.text)
    IWDG_SetReload                           0x08006a8d   Thumb Code     6  stm32f10x_iwdg.o(.text)
    IWDG_ReloadCounter                       0x08006a93   Thumb Code    10  stm32f10x_iwdg.o(.text)
    IWDG_Enable                              0x08006a9d   Thumb Code    10  stm32f10x_iwdg.o(.text)
    IWDG_GetFlagStatus                       0x08006aa7   Thumb Code    20  stm32f10x_iwdg.o(.text)
    TIM_DeInit                               0x08006ac1   Thumb Code   424  stm32f10x_tim.o(.text)
    TIM_TimeBaseInit                         0x08006c69   Thumb Code   122  stm32f10x_tim.o(.text)
    TIM_OC1Init                              0x08006ce3   Thumb Code   132  stm32f10x_tim.o(.text)
    TIM_OC2Init                              0x08006d67   Thumb Code   154  stm32f10x_tim.o(.text)
    TIM_OC3Init                              0x08006e01   Thumb Code   150  stm32f10x_tim.o(.text)
    TIM_OC4Init                              0x08006e97   Thumb Code   182  stm32f10x_tim.o(.text)
    TIM_SetIC4Prescaler                      0x08006f4d   Thumb Code    26  stm32f10x_tim.o(.text)
    TIM_SetIC3Prescaler                      0x08006fe9   Thumb Code    18  stm32f10x_tim.o(.text)
    TIM_SetIC2Prescaler                      0x08007075   Thumb Code    26  stm32f10x_tim.o(.text)
    TIM_SetIC1Prescaler                      0x08007111   Thumb Code    18  stm32f10x_tim.o(.text)
    TIM_ICInit                               0x0800718f   Thumb Code   150  stm32f10x_tim.o(.text)
    TIM_PWMIConfig                           0x08007225   Thumb Code   124  stm32f10x_tim.o(.text)
    TIM_BDTRConfig                           0x080072a1   Thumb Code    32  stm32f10x_tim.o(.text)
    TIM_TimeBaseStructInit                   0x080072c1   Thumb Code    18  stm32f10x_tim.o(.text)
    TIM_OCStructInit                         0x080072d3   Thumb Code    20  stm32f10x_tim.o(.text)
    TIM_ICStructInit                         0x080072e7   Thumb Code    18  stm32f10x_tim.o(.text)
    TIM_BDTRStructInit                       0x080072f9   Thumb Code    40  stm32f10x_tim.o(.text)
    TIM_Cmd                                  0x08007321   Thumb Code    24  stm32f10x_tim.o(.text)
    TIM_CtrlPWMOutputs                       0x08007339   Thumb Code    30  stm32f10x_tim.o(.text)
    TIM_ITConfig                             0x08007357   Thumb Code    18  stm32f10x_tim.o(.text)
    TIM_GenerateEvent                        0x08007369   Thumb Code     4  stm32f10x_tim.o(.text)
    TIM_DMAConfig                            0x0800736d   Thumb Code    10  stm32f10x_tim.o(.text)
    TIM_DMACmd                               0x08007377   Thumb Code    18  stm32f10x_tim.o(.text)
    TIM_InternalClockConfig                  0x08007389   Thumb Code    12  stm32f10x_tim.o(.text)
    TIM_SelectInputTrigger                   0x08007395   Thumb Code    18  stm32f10x_tim.o(.text)
    TIM_ITRxExternalClockConfig              0x080073a7   Thumb Code    24  stm32f10x_tim.o(.text)
    TIM_TIxExternalClockConfig               0x080073bf   Thumb Code    62  stm32f10x_tim.o(.text)
    TIM_ETRConfig                            0x080073fd   Thumb Code    28  stm32f10x_tim.o(.text)
    TIM_ETRClockMode1Config                  0x08007419   Thumb Code    54  stm32f10x_tim.o(.text)
    TIM_ETRClockMode2Config                  0x0800744f   Thumb Code    32  stm32f10x_tim.o(.text)
    TIM_PrescalerConfig                      0x0800746f   Thumb Code     6  stm32f10x_tim.o(.text)
    TIM_CounterModeConfig                    0x08007475   Thumb Code    18  stm32f10x_tim.o(.text)
    TIM_EncoderInterfaceConfig               0x08007487   Thumb Code    66  stm32f10x_tim.o(.text)
    TIM_ForcedOC1Config                      0x080074c9   Thumb Code    18  stm32f10x_tim.o(.text)
    TIM_ForcedOC2Config                      0x080074db   Thumb Code    26  stm32f10x_tim.o(.text)
    TIM_ForcedOC3Config                      0x080074f5   Thumb Code    18  stm32f10x_tim.o(.text)
    TIM_ForcedOC4Config                      0x08007507   Thumb Code    26  stm32f10x_tim.o(.text)
    TIM_ARRPreloadConfig                     0x08007521   Thumb Code    24  stm32f10x_tim.o(.text)
    TIM_SelectCOM                            0x08007539   Thumb Code    24  stm32f10x_tim.o(.text)
    TIM_SelectCCDMA                          0x08007551   Thumb Code    24  stm32f10x_tim.o(.text)
    TIM_CCPreloadControl                     0x08007569   Thumb Code    24  stm32f10x_tim.o(.text)
    TIM_OC1PreloadConfig                     0x08007581   Thumb Code    18  stm32f10x_tim.o(.text)
    TIM_OC2PreloadConfig                     0x08007593   Thumb Code    26  stm32f10x_tim.o(.text)
    TIM_OC3PreloadConfig                     0x080075ad   Thumb Code    18  stm32f10x_tim.o(.text)
    TIM_OC4PreloadConfig                     0x080075bf   Thumb Code    26  stm32f10x_tim.o(.text)
    TIM_OC1FastConfig                        0x080075d9   Thumb Code    18  stm32f10x_tim.o(.text)
    TIM_OC2FastConfig                        0x080075eb   Thumb Code    26  stm32f10x_tim.o(.text)
    TIM_OC3FastConfig                        0x08007605   Thumb Code    18  stm32f10x_tim.o(.text)
    TIM_OC4FastConfig                        0x08007617   Thumb Code    26  stm32f10x_tim.o(.text)
    TIM_ClearOC1Ref                          0x08007631   Thumb Code    18  stm32f10x_tim.o(.text)
    TIM_ClearOC2Ref                          0x08007643   Thumb Code    24  stm32f10x_tim.o(.text)
    TIM_ClearOC3Ref                          0x0800765b   Thumb Code    18  stm32f10x_tim.o(.text)
    TIM_ClearOC4Ref                          0x0800766d   Thumb Code    24  stm32f10x_tim.o(.text)
    TIM_OC1PolarityConfig                    0x08007685   Thumb Code    18  stm32f10x_tim.o(.text)
    TIM_OC1NPolarityConfig                   0x08007697   Thumb Code    18  stm32f10x_tim.o(.text)
    TIM_OC2PolarityConfig                    0x080076a9   Thumb Code    26  stm32f10x_tim.o(.text)
    TIM_OC2NPolarityConfig                   0x080076c3   Thumb Code    26  stm32f10x_tim.o(.text)
    TIM_OC3PolarityConfig                    0x080076dd   Thumb Code    26  stm32f10x_tim.o(.text)
    TIM_OC3NPolarityConfig                   0x080076f7   Thumb Code    26  stm32f10x_tim.o(.text)
    TIM_OC4PolarityConfig                    0x08007711   Thumb Code    26  stm32f10x_tim.o(.text)
    TIM_CCxCmd                               0x0800772b   Thumb Code    30  stm32f10x_tim.o(.text)
    TIM_CCxNCmd                              0x08007749   Thumb Code    30  stm32f10x_tim.o(.text)
    TIM_SelectOCxM                           0x08007767   Thumb Code    82  stm32f10x_tim.o(.text)
    TIM_UpdateDisableConfig                  0x080077b9   Thumb Code    24  stm32f10x_tim.o(.text)
    TIM_UpdateRequestConfig                  0x080077d1   Thumb Code    24  stm32f10x_tim.o(.text)
    TIM_SelectHallSensor                     0x080077e9   Thumb Code    24  stm32f10x_tim.o(.text)
    TIM_SelectOnePulseMode                   0x08007801   Thumb Code    18  stm32f10x_tim.o(.text)
    TIM_SelectOutputTrigger                  0x08007813   Thumb Code    18  stm32f10x_tim.o(.text)
    TIM_SelectSlaveMode                      0x08007825   Thumb Code    18  stm32f10x_tim.o(.text)
    TIM_SelectMasterSlaveMode                0x08007837   Thumb Code    18  stm32f10x_tim.o(.text)
    TIM_SetCounter                           0x08007849   Thumb Code     4  stm32f10x_tim.o(.text)
    TIM_SetAutoreload                        0x0800784d   Thumb Code     4  stm32f10x_tim.o(.text)
    TIM_SetCompare1                          0x08007851   Thumb Code     4  stm32f10x_tim.o(.text)
    TIM_SetCompare2                          0x08007855   Thumb Code     4  stm32f10x_tim.o(.text)
    TIM_SetCompare3                          0x08007859   Thumb Code     4  stm32f10x_tim.o(.text)
    TIM_SetCompare4                          0x0800785d   Thumb Code     6  stm32f10x_tim.o(.text)
    TIM_SetClockDivision                     0x08007863   Thumb Code    18  stm32f10x_tim.o(.text)
    TIM_GetCapture1                          0x08007875   Thumb Code     6  stm32f10x_tim.o(.text)
    TIM_GetCapture2                          0x0800787b   Thumb Code     6  stm32f10x_tim.o(.text)
    TIM_GetCapture3                          0x08007881   Thumb Code     6  stm32f10x_tim.o(.text)
    TIM_GetCapture4                          0x08007887   Thumb Code     8  stm32f10x_tim.o(.text)
    TIM_GetCounter                           0x0800788f   Thumb Code     6  stm32f10x_tim.o(.text)
    TIM_GetPrescaler                         0x08007895   Thumb Code     6  stm32f10x_tim.o(.text)
    TIM_GetFlagStatus                        0x0800789b   Thumb Code    18  stm32f10x_tim.o(.text)
    TIM_ClearFlag                            0x080078ad   Thumb Code     6  stm32f10x_tim.o(.text)
    TIM_GetITStatus                          0x080078b3   Thumb Code    34  stm32f10x_tim.o(.text)
    TIM_ClearITPendingBit                    0x080078d5   Thumb Code     6  stm32f10x_tim.o(.text)
    WWDG_DeInit                              0x080078dd   Thumb Code    22  stm32f10x_wwdg.o(.text)
    WWDG_SetPrescaler                        0x080078f3   Thumb Code    18  stm32f10x_wwdg.o(.text)
    WWDG_SetWindowValue                      0x08007905   Thumb Code    34  stm32f10x_wwdg.o(.text)
    WWDG_EnableIT                            0x08007927   Thumb Code     8  stm32f10x_wwdg.o(.text)
    WWDG_SetCounter                          0x0800792f   Thumb Code    12  stm32f10x_wwdg.o(.text)
    WWDG_Enable                              0x0800793b   Thumb Code    12  stm32f10x_wwdg.o(.text)
    WWDG_GetFlagStatus                       0x08007947   Thumb Code    10  stm32f10x_wwdg.o(.text)
    WWDG_ClearFlag                           0x08007951   Thumb Code    10  stm32f10x_wwdg.o(.text)
    __use_no_semihosting                     0x08007965   Thumb Code     2  use_no_semi_2.o(.text)
    __aeabi_ldivmod                          0x08007967   Thumb Code     0  llsdiv.o(.text)
    _ll_sdiv                                 0x08007967   Thumb Code    72  llsdiv.o(.text)
    __2printf                                0x080079b1   Thumb Code    20  noretval__2printf.o(.text)
    _printf_pre_padding                      0x080079c9   Thumb Code    44  _printf_pad.o(.text)
    _printf_post_padding                     0x080079f5   Thumb Code    34  _printf_pad.o(.text)
    _printf_int_dec                          0x08007a19   Thumb Code   104  _printf_dec.o(.text)
    _printf_int_hex                          0x08007a91   Thumb Code    84  _printf_hex_int.o(.text)
    _printf_longlong_hex                     0x08007a91   Thumb Code     0  _printf_hex_int.o(.text)
    __printf                                 0x08007ae9   Thumb Code   308  __printf_flags_wp.o(.text)
    memcmp                                   0x08007c21   Thumb Code    88  memcmp.o(.text)
    __aeabi_memset                           0x08007c79   Thumb Code    16  aeabi_memset.o(.text)
    __use_two_region_memory                  0x08007c89   Thumb Code     2  heapauxi.o(.text)
    __rt_heap_escrow$2region                 0x08007c8b   Thumb Code     2  heapauxi.o(.text)
    __rt_heap_expand$2region                 0x08007c8d   Thumb Code     2  heapauxi.o(.text)
    __I$use$semihosting                      0x08007c8f   Thumb Code     0  use_no_semi.o(.text)
    __use_no_semihosting_swi                 0x08007c8f   Thumb Code     2  use_no_semi.o(.text)
    __aeabi_uldivmod                         0x08007c91   Thumb Code     0  lludivv7m.o(.text)
    _ll_udiv                                 0x08007c91   Thumb Code   238  lludivv7m.o(.text)
    __read_errno                             0x08007d7f   Thumb Code    10  _rserrno.o(.text)
    __set_errno                              0x08007d89   Thumb Code    12  _rserrno.o(.text)
    _printf_int_common                       0x08007d95   Thumb Code   178  _printf_intcommon.o(.text)
    _printf_char_file                        0x08007e49   Thumb Code    32  _printf_char_file.o(.text)
    __aeabi_memclr                           0x08007e6d   Thumb Code     0  rt_memclr.o(.text)
    __rt_memclr                              0x08007e6d   Thumb Code    68  rt_memclr.o(.text)
    _memset                                  0x08007e71   Thumb Code     0  rt_memclr.o(.text)
    __aeabi_errno_addr                       0x08007eb1   Thumb Code     8  rt_errno_addr_intlibspace.o(.text)
    __errno$intlibspace                      0x08007eb1   Thumb Code     0  rt_errno_addr_intlibspace.o(.text)
    __rt_errno_addr$intlibspace              0x08007eb1   Thumb Code     0  rt_errno_addr_intlibspace.o(.text)
    _printf_char_common                      0x08007ec3   Thumb Code    32  _printf_char_common.o(.text)
    ferror                                   0x08007ee9   Thumb Code     8  ferror.o(.text)
    __aeabi_memclr4                          0x08007ef1   Thumb Code     0  rt_memclr_w.o(.text)
    __aeabi_memclr8                          0x08007ef1   Thumb Code     0  rt_memclr_w.o(.text)
    __rt_memclr_w                            0x08007ef1   Thumb Code    78  rt_memclr_w.o(.text)
    _memset_w                                0x08007ef5   Thumb Code     0  rt_memclr_w.o(.text)
    __user_libspace                          0x08007f41   Thumb Code     8  libspace.o(.text)
    __user_perproc_libspace                  0x08007f41   Thumb Code     0  libspace.o(.text)
    __user_perthread_libspace                0x08007f41   Thumb Code     0  libspace.o(.text)
    __user_setup_stackheap                   0x08007f49   Thumb Code    74  sys_stackheap_outer.o(.text)
    exit                                     0x08007f93   Thumb Code    12  exit.o(.text)
    __ARM_fpclassify                         0x08007f9f   Thumb Code    40  fpclassify.o(i.__ARM_fpclassify)
    __kernel_poly                            0x08007fc7   Thumb Code   170  poly.o(i.__kernel_poly)
    __mathlib_dbl_divzero                    0x08008071   Thumb Code    12  dunder.o(i.__mathlib_dbl_divzero)
    __mathlib_dbl_infnan                     0x08008081   Thumb Code     6  dunder.o(i.__mathlib_dbl_infnan)
    __mathlib_dbl_infnan2                    0x08008087   Thumb Code     4  dunder.o(i.__mathlib_dbl_infnan2)
    __mathlib_dbl_invalid                    0x0800808b   Thumb Code    12  dunder.o(i.__mathlib_dbl_invalid)
    __mathlib_dbl_overflow                   0x08008097   Thumb Code    14  dunder.o(i.__mathlib_dbl_overflow)
    __mathlib_dbl_underflow                  0x080080a5   Thumb Code    10  dunder.o(i.__mathlib_dbl_underflow)
    _is_digit                                0x080080b5   Thumb Code    14  __printf_wp.o(i._is_digit)
    asin                                     0x080080c5   Thumb Code   572  asin.o(i.asin)
    atan                                     0x08008335   Thumb Code   474  atan.o(i.atan)
    atan2                                    0x08008555   Thumb Code   346  atan2.o(i.atan2)
    pow                                      0x080086d5   Thumb Code  2478  pow.o(i.pow)
    sqrt                                     0x0800908d   Thumb Code    76  sqrt.o(i.sqrt)
    __aeabi_d2f                              0x080090d9   Thumb Code     0  d2f.o(x$fpl$d2f)
    _d2f                                     0x080090d9   Thumb Code    98  d2f.o(x$fpl$d2f)
    __aeabi_dadd                             0x0800913d   Thumb Code     0  daddsub_clz.o(x$fpl$dadd)
    _dadd                                    0x0800913d   Thumb Code   332  daddsub_clz.o(x$fpl$dadd)
    __fpl_dcheck_NaN1                        0x0800928d   Thumb Code    10  dcheck1.o(x$fpl$dcheck1)
    __fpl_dcmp_Inf                           0x0800929d   Thumb Code    24  dcmpi.o(x$fpl$dcmpinf)
    __aeabi_ddiv                             0x080092b5   Thumb Code     0  ddiv.o(x$fpl$ddiv)
    _ddiv                                    0x080092b5   Thumb Code   552  ddiv.o(x$fpl$ddiv)
    __aeabi_d2uiz                            0x08009565   Thumb Code     0  dfixu.o(x$fpl$dfixu)
    _dfixu                                   0x08009565   Thumb Code    90  dfixu.o(x$fpl$dfixu)
    __aeabi_i2d                              0x080095bf   Thumb Code     0  dflt_clz.o(x$fpl$dflt)
    _dflt                                    0x080095bf   Thumb Code    46  dflt_clz.o(x$fpl$dflt)
    __aeabi_l2d                              0x080095ed   Thumb Code     0  dfltll_clz.o(x$fpl$dfltll)
    _ll_sto_d                                0x080095ed   Thumb Code   162  dfltll_clz.o(x$fpl$dfltll)
    __aeabi_ui2d                             0x0800968f   Thumb Code     0  dflt_clz.o(x$fpl$dfltu)
    _dfltu                                   0x0800968f   Thumb Code    38  dflt_clz.o(x$fpl$dfltu)
    __aeabi_cdcmple                          0x080096b5   Thumb Code     0  dleqf.o(x$fpl$dleqf)
    _dcmple                                  0x080096b5   Thumb Code   120  dleqf.o(x$fpl$dleqf)
    __fpl_dcmple_InfNaN                      0x08009717   Thumb Code     0  dleqf.o(x$fpl$dleqf)
    __aeabi_dmul                             0x0800972d   Thumb Code     0  dmul.o(x$fpl$dmul)
    _dmul                                    0x0800972d   Thumb Code   332  dmul.o(x$fpl$dmul)
    __fpl_dnaninf                            0x08009881   Thumb Code   156  dnaninf.o(x$fpl$dnaninf)
    __fpl_dretinf                            0x0800991d   Thumb Code    12  dretinf.o(x$fpl$dretinf)
    __aeabi_cdrcmple                         0x08009929   Thumb Code     0  drleqf.o(x$fpl$drleqf)
    _drcmple                                 0x08009929   Thumb Code   108  drleqf.o(x$fpl$drleqf)
    __aeabi_drsub                            0x08009995   Thumb Code     0  daddsub_clz.o(x$fpl$drsb)
    _drsb                                    0x08009995   Thumb Code    22  daddsub_clz.o(x$fpl$drsb)
    _dsqrt                                   0x080099ad   Thumb Code   456  dsqrt_noumaal.o(x$fpl$dsqrt)
    __aeabi_dsub                             0x08009b79   Thumb Code     0  daddsub_clz.o(x$fpl$dsub)
    _dsub                                    0x08009b79   Thumb Code   464  daddsub_clz.o(x$fpl$dsub)
    __aeabi_f2d                              0x08009d4d   Thumb Code     0  f2d.o(x$fpl$f2d)
    _f2d                                     0x08009d4d   Thumb Code    86  f2d.o(x$fpl$f2d)
    __aeabi_fadd                             0x08009da5   Thumb Code     0  faddsub_clz.o(x$fpl$fadd)
    _fadd                                    0x08009da5   Thumb Code   196  faddsub_clz.o(x$fpl$fadd)
    __fpl_fcmp_Inf                           0x08009e69   Thumb Code    24  fcmpi.o(x$fpl$fcmpinf)
    __aeabi_fdiv                             0x08009e81   Thumb Code     0  fdiv.o(x$fpl$fdiv)
    _fdiv                                    0x08009e81   Thumb Code   384  fdiv.o(x$fpl$fdiv)
    __aeabi_cfcmpeq                          0x0800a005   Thumb Code     0  feqf.o(x$fpl$feqf)
    _fcmpeq                                  0x0800a005   Thumb Code   104  feqf.o(x$fpl$feqf)
    __aeabi_f2iz                             0x0800a06d   Thumb Code     0  ffix.o(x$fpl$ffix)
    _ffix                                    0x0800a06d   Thumb Code    54  ffix.o(x$fpl$ffix)
    __aeabi_f2uiz                            0x0800a0a5   Thumb Code     0  ffixu.o(x$fpl$ffixu)
    _ffixu                                   0x0800a0a5   Thumb Code    62  ffixu.o(x$fpl$ffixu)
    __aeabi_i2f                              0x0800a0e5   Thumb Code     0  fflt_clz.o(x$fpl$fflt)
    _fflt                                    0x0800a0e5   Thumb Code    48  fflt_clz.o(x$fpl$fflt)
    __aeabi_ui2f                             0x0800a115   Thumb Code     0  fflt_clz.o(x$fpl$ffltu)
    _ffltu                                   0x0800a115   Thumb Code    38  fflt_clz.o(x$fpl$ffltu)
    __aeabi_cfcmple                          0x0800a13d   Thumb Code     0  fleqf.o(x$fpl$fleqf)
    _fcmple                                  0x0800a13d   Thumb Code   104  fleqf.o(x$fpl$fleqf)
    __fpl_fcmple_InfNaN                      0x0800a18f   Thumb Code     0  fleqf.o(x$fpl$fleqf)
    __aeabi_fmul                             0x0800a1a5   Thumb Code     0  fmul.o(x$fpl$fmul)
    _fmul                                    0x0800a1a5   Thumb Code   258  fmul.o(x$fpl$fmul)
    __fpl_fnaninf                            0x0800a2a7   Thumb Code   140  fnaninf.o(x$fpl$fnaninf)
    __fpl_fretinf                            0x0800a333   Thumb Code    10  fretinf.o(x$fpl$fretinf)
    __aeabi_cfrcmple                         0x0800a33d   Thumb Code     0  frleqf.o(x$fpl$frleqf)
    _frcmple                                 0x0800a33d   Thumb Code    98  frleqf.o(x$fpl$frleqf)
    __aeabi_frsub                            0x0800a39f   Thumb Code     0  faddsub_clz.o(x$fpl$frsb)
    _frsb                                    0x0800a39f   Thumb Code    20  faddsub_clz.o(x$fpl$frsb)
    __aeabi_fsub                             0x0800a3b5   Thumb Code     0  faddsub_clz.o(x$fpl$fsub)
    _fsub                                    0x0800a3b5   Thumb Code   234  faddsub_clz.o(x$fpl$fsub)
    __aeabi_f2lz                             0x0800a4a1   Thumb Code     0  ffixll.o(x$fpl$llsfromf)
    _ll_sfrom_f                              0x0800a4a1   Thumb Code   134  ffixll.o(x$fpl$llsfromf)
    __fpl_return_NaN                         0x0800a527   Thumb Code   100  retnan.o(x$fpl$retnan)
    __ARM_scalbn                             0x0800a58b   Thumb Code    92  scalbn.o(x$fpl$scalbn)
    __fpl_cmpreturn                          0x0800a5e7   Thumb Code    48  trapv.o(x$fpl$trapveneer)
    __I$use$fp                               0x0800a616   Number         0  usenofp.o(x$fpl$usenofp)
    reg                                      0x0800a618   Data          27  inv_mpu.o(.constdata)
    hw                                       0x0800a634   Data          12  inv_mpu.o(.constdata)
    test                                     0x0800a640   Data          40  inv_mpu.o(.constdata)
    __mathlib_zero                           0x0800b408   Data           8  qnan.o(.constdata)
    Region$$Table$$Base                      0x0800b460   Number         0  anon$$obj.o(Region$$Table)
    Region$$Table$$Limit                     0x0800b480   Number         0  anon$$obj.o(Region$$Table)
    xitongshijian                            0x20000000   Data           4  main.o(.data)
    erhaomiao                                0x20000004   Data           4  main.o(.data)
    wuhaomiao                                0x20000008   Data           4  main.o(.data)
    shihaomiao                               0x2000000c   Data           4  main.o(.data)
    ershihaomiao                             0x20000010   Data           4  main.o(.data)
    wushihaomiao                             0x20000014   Data           4  main.o(.data)
    miaozhong                                0x20000018   Data           4  main.o(.data)
    roll                                     0x2000001c   Data           4  main.o(.data)
    pitch                                    0x20000020   Data           4  main.o(.data)
    yaw                                      0x20000024   Data           4  main.o(.data)
    aacx                                     0x20000028   Data           2  main.o(.data)
    aacy                                     0x2000002a   Data           2  main.o(.data)
    aacz                                     0x2000002c   Data           2  main.o(.data)
    gyrox                                    0x2000002e   Data           2  main.o(.data)
    gyroy                                    0x20000030   Data           2  main.o(.data)
    gyroz                                    0x20000032   Data           2  main.o(.data)
    temp                                     0x20000034   Data           2  main.o(.data)
    gyrox_chushi                             0x20000036   Data           2  main.o(.data)
    gyroy_chushi                             0x20000038   Data           2  main.o(.data)
    gyroz_chushi                             0x2000003a   Data           2  main.o(.data)
    temp_gyxc                                0x2000003c   Data           4  main.o(.data)
    temp_gyyc                                0x20000040   Data           4  main.o(.data)
    temp_gyzc                                0x20000044   Data           4  main.o(.data)
    gyro_jishu                               0x20000048   Data           2  main.o(.data)
    aacx_s                                   0x2000004c   Data           4  main.o(.data)
    aacy_s                                   0x20000050   Data           4  main.o(.data)
    aacz_s                                   0x20000054   Data           4  main.o(.data)
    gyrox_sr                                 0x20000058   Data           4  main.o(.data)
    gyroy_sr                                 0x2000005c   Data           4  main.o(.data)
    gyroz_sr                                 0x20000060   Data           4  main.o(.data)
    gyrox_sd                                 0x20000064   Data           4  main.o(.data)
    gyroy_sd                                 0x20000068   Data           4  main.o(.data)
    gyroz_sd                                 0x2000006c   Data           4  main.o(.data)
    gyrox_sr_kf                              0x20000070   Data           4  main.o(.data)
    gyroy_sr_kf                              0x20000074   Data           4  main.o(.data)
    gyroz_sr_kf                              0x20000078   Data           4  main.o(.data)
    deadzone                                 0x2000007c   Data           2  main.o(.data)
    cNd1                                     0x2000007e   Data           2  main.o(.data)
    cNd2                                     0x20000080   Data           2  main.o(.data)
    cNd3                                     0x20000082   Data           2  main.o(.data)
    cNd4                                     0x20000084   Data           2  main.o(.data)
    rjz                                      0x20000088   Data           4  main.o(.data)
    pjz                                      0x2000008c   Data           4  main.o(.data)
    yjz                                      0x20000090   Data           4  main.o(.data)
    x_last                                   0x20000094   Data           4  main.o(.data)
    p_last                                   0x20000098   Data           4  main.o(.data)
    gyxt                                     0x2000009c   Data           4  main.o(.data)
    shihaomiao2                              0x200000a0   Data           4  main.o(.data)
    ershihaomiao2                            0x200000a4   Data           4  main.o(.data)
    wushihaomiao2                            0x200000a8   Data           4  main.o(.data)
    miaozhong2                               0x200000ac   Data           4  main.o(.data)
    sysTickUptime                            0x200000b0   Data           4  stm32f10x_it.o(.data)
    SystemCoreClock                          0x200000b8   Data           4  system_stm32f10x.o(.data)
    AHBPrescTable                            0x200000bc   Data          16  system_stm32f10x.o(.data)
    MOTO1_PWM                                0x200000cc   Data           2  moto.o(.data)
    MOTO2_PWM                                0x200000ce   Data           2  moto.o(.data)
    MOTO3_PWM                                0x200000d0   Data           2  moto.o(.data)
    MOTO4_PWM                                0x200000d2   Data           2  moto.o(.data)
    TIM4CH1_CAPTURE_STA                      0x200000ec   Data           1  timer.o(.data)
    TIM4CH1_CAPTURE_UPVAL                    0x200000ee   Data           2  timer.o(.data)
    TIM4CH1_CAPTURE_DOWNVAL                  0x200000f0   Data           2  timer.o(.data)
    TIM4CH2_CAPTURE_STA                      0x200000f2   Data           1  timer.o(.data)
    TIM4CH2_CAPTURE_UPVAL                    0x200000f4   Data           2  timer.o(.data)
    TIM4CH2_CAPTURE_DOWNVAL                  0x200000f6   Data           2  timer.o(.data)
    TIM4CH3_CAPTURE_STA                      0x200000f8   Data           1  timer.o(.data)
    TIM4CH3_CAPTURE_UPVAL                    0x200000fa   Data           2  timer.o(.data)
    TIM4CH3_CAPTURE_DOWNVAL                  0x200000fc   Data           2  timer.o(.data)
    TIM4CH4_CAPTURE_STA                      0x200000fe   Data           1  timer.o(.data)
    TIM4CH4_CAPTURE_UPVAL                    0x20000100   Data           2  timer.o(.data)
    TIM4CH4_CAPTURE_DOWNVAL                  0x20000102   Data           2  timer.o(.data)
    tempup1                                  0x20000104   Data           4  timer.o(.data)
    tempup2                                  0x20000108   Data           4  timer.o(.data)
    tempup3                                  0x2000010c   Data           4  timer.o(.data)
    tempup4                                  0x20000110   Data           4  timer.o(.data)
    tim4_T1                                  0x20000114   Data           4  timer.o(.data)
    tim4_T2                                  0x20000118   Data           4  timer.o(.data)
    tim4_T3                                  0x2000011c   Data           4  timer.o(.data)
    tim4_T4                                  0x20000120   Data           4  timer.o(.data)
    channel1_in                              0x20000124   Data           2  timer.o(.data)
    channel2_in                              0x20000126   Data           2  timer.o(.data)
    channel3_in                              0x20000128   Data           2  timer.o(.data)
    channel4_in                              0x2000012a   Data           2  timer.o(.data)
    OFF_                                     0x20000130   Data           8  ms5611.o(.data)
    Aux                                      0x20000138   Data           4  ms5611.o(.data)
    D1_Pres                                  0x2000013c   Data           4  ms5611.o(.data)
    D2_Temp                                  0x20000140   Data           4  ms5611.o(.data)
    dT                                       0x20000144   Data           4  ms5611.o(.data)
    TEMP                                     0x20000148   Data           4  ms5611.o(.data)
    OFF                                      0x20000150   Data           8  ms5611.o(.data)
    SENS                                     0x20000158   Data           8  ms5611.o(.data)
    P                                        0x20000160   Data           4  ms5611.o(.data)
    Pressure                                 0x20000164   Data           4  ms5611.o(.data)
    Pressure_old                             0x20000168   Data           4  ms5611.o(.data)
    qqp                                      0x2000016c   Data           4  ms5611.o(.data)
    T2                                       0x20000170   Data           4  ms5611.o(.data)
    TEMP2                                    0x20000174   Data           4  ms5611.o(.data)
    OFF2                                     0x20000178   Data           8  ms5611.o(.data)
    SENS2                                    0x20000180   Data           8  ms5611.o(.data)
    paOffsetNum                              0x20000190   Data           8  ms5611.o(.data)
    paInitCnt                                0x20000198   Data           2  ms5611.o(.data)
    paOffsetInited                           0x2000019a   Data           1  ms5611.o(.data)
    MS5611_Pressure                          0x200001a0   Data           4  ms5611.o(.data)
    moto1                                    0x200001f0   Data           2  usart.o(.data)
    moto2                                    0x200001f2   Data           2  usart.o(.data)
    moto3                                    0x200001f4   Data           2  usart.o(.data)
    moto4                                    0x200001f6   Data           2  usart.o(.data)
    ARMED                                    0x200001f8   Data           1  usart.o(.data)
    flag_send                                0x200001f9   Data           1  usart.o(.data)
    RC_Target_ROL                            0x200001fc   Data           4  usart.o(.data)
    RC_Target_PIT                            0x20000200   Data           4  usart.o(.data)
    RC_Target_YAW                            0x20000204   Data           4  usart.o(.data)
    __stdout                                 0x20000208   Data           4  usart.o(.data)
    floattobyte                              0x2000020c   Data           4  usart.o(.data)
    TxCounter                                0x20000210   Data           1  usart.o(.data)
    count                                    0x20000211   Data           1  usart.o(.data)
    Rx_Act                                   0x20000212   Data           1  usart.o(.data)
    Rx_Adr                                   0x20000213   Data           1  usart.o(.data)
    Rx_Ok0                                   0x20000214   Data           1  usart.o(.data)
    Rx_Ok1                                   0x20000215   Data           1  usart.o(.data)
    WaitForStart                             0x20000216   Data           1  usart.o(.data)
    gyrox_filter                             0x20000234   Data          28  main.o(.bss)
    gyroy_filter                             0x20000250   Data          28  main.o(.bss)
    gyroz_filter                             0x2000026c   Data          28  main.o(.bss)
    TIM4_ICInitStructure                     0x20000288   Data          10  timer.o(.bss)
    Cal_C                                    0x20000294   Data          14  ms5611.o(.bss)
    Pres_BUFFER                              0x200002a4   Data          80  ms5611.o(.bss)
    Temp_BUFFER                              0x200002f4   Data          40  ms5611.o(.bss)
    data_to_send                             0x2000034c   Data          50  ano-tech.o(.bss)
    TxBuffer                                 0x2000037e   Data         255  usart.o(.bss)
    Rx_Buf                                   0x2000047d   Data          64  usart.o(.bss)
    __libspace_start                         0x200004c0   Data          96  libspace.o(.bss)
    __temporary_stack_top$libspace           0x20000520   Data           0  libspace.o(.bss)



==============================================================================

Memory Map of the image

  Image Entry point : 0x08000131

  Load Region LR_IROM1 (Base: 0x08000000, Size: 0x0000b6b4, Max: 0x00040000, ABSOLUTE, COMPRESSED[0x0000b4c4])

    Execution Region ER_IROM1 (Base: 0x08000000, Size: 0x0000b480, Max: 0x00040000, ABSOLUTE)

    Base Addr    Size         Type   Attr      Idx    E Section Name        Object

    0x08000000   0x00000130   Data   RO          530    RESET               startup_stm32f10x_hd.o
    0x08000130   0x00000008   Code   RO          879  * !!!main             c_w.l(__main.o)
    0x08000138   0x00000034   Code   RO         1229    !!!scatter          c_w.l(__scatter.o)
    0x0800016c   0x0000005a   Code   RO         1227    !!dczerorl2         c_w.l(__dczerorl2.o)
    0x080001c6   0x00000002   PAD
    0x080001c8   0x0000001c   Code   RO         1231    !!handler_zi        c_w.l(__scatter_zi.o)
    0x080001e4   0x00000000   Code   RO          872    .ARM.Collect$$_printf_percent$$00000000  c_w.l(_printf_percent.o)
    0x080001e4   0x00000006   Code   RO          871    .ARM.Collect$$_printf_percent$$00000009  c_w.l(_printf_d.o)
    0x080001ea   0x00000006   Code   RO          870    .ARM.Collect$$_printf_percent$$0000000C  c_w.l(_printf_x.o)
    0x080001f0   0x00000004   Code   RO          986    .ARM.Collect$$_printf_percent$$00000017  c_w.l(_printf_percent_end.o)
    0x080001f4   0x00000002   Code   RO         1095    .ARM.Collect$$libinit$$00000000  c_w.l(libinit.o)
    0x080001f6   0x00000000   Code   RO         1107    .ARM.Collect$$libinit$$00000002  c_w.l(libinit2.o)
    0x080001f6   0x00000000   Code   RO         1109    .ARM.Collect$$libinit$$00000004  c_w.l(libinit2.o)
    0x080001f6   0x00000000   Code   RO         1112    .ARM.Collect$$libinit$$0000000A  c_w.l(libinit2.o)
    0x080001f6   0x00000000   Code   RO         1114    .ARM.Collect$$libinit$$0000000C  c_w.l(libinit2.o)
    0x080001f6   0x00000000   Code   RO         1116    .ARM.Collect$$libinit$$0000000E  c_w.l(libinit2.o)
    0x080001f6   0x00000000   Code   RO         1119    .ARM.Collect$$libinit$$00000011  c_w.l(libinit2.o)
    0x080001f6   0x00000000   Code   RO         1121    .ARM.Collect$$libinit$$00000013  c_w.l(libinit2.o)
    0x080001f6   0x00000000   Code   RO         1123    .ARM.Collect$$libinit$$00000015  c_w.l(libinit2.o)
    0x080001f6   0x00000000   Code   RO         1125    .ARM.Collect$$libinit$$00000017  c_w.l(libinit2.o)
    0x080001f6   0x00000000   Code   RO         1127    .ARM.Collect$$libinit$$00000019  c_w.l(libinit2.o)
    0x080001f6   0x00000000   Code   RO         1129    .ARM.Collect$$libinit$$0000001B  c_w.l(libinit2.o)
    0x080001f6   0x00000000   Code   RO         1131    .ARM.Collect$$libinit$$0000001D  c_w.l(libinit2.o)
    0x080001f6   0x00000000   Code   RO         1133    .ARM.Collect$$libinit$$0000001F  c_w.l(libinit2.o)
    0x080001f6   0x00000000   Code   RO         1135    .ARM.Collect$$libinit$$00000021  c_w.l(libinit2.o)
    0x080001f6   0x00000000   Code   RO         1137    .ARM.Collect$$libinit$$00000023  c_w.l(libinit2.o)
    0x080001f6   0x00000000   Code   RO         1139    .ARM.Collect$$libinit$$00000025  c_w.l(libinit2.o)
    0x080001f6   0x00000000   Code   RO         1143    .ARM.Collect$$libinit$$0000002C  c_w.l(libinit2.o)
    0x080001f6   0x00000000   Code   RO         1145    .ARM.Collect$$libinit$$0000002E  c_w.l(libinit2.o)
    0x080001f6   0x00000000   Code   RO         1147    .ARM.Collect$$libinit$$00000030  c_w.l(libinit2.o)
    0x080001f6   0x00000000   Code   RO         1149    .ARM.Collect$$libinit$$00000032  c_w.l(libinit2.o)
    0x080001f6   0x00000002   Code   RO         1150    .ARM.Collect$$libinit$$00000033  c_w.l(libinit2.o)
    0x080001f8   0x00000002   Code   RO         1180    .ARM.Collect$$libshutdown$$00000000  c_w.l(libshutdown.o)
    0x080001fa   0x00000000   Code   RO         1195    .ARM.Collect$$libshutdown$$00000003  c_w.l(libshutdown2.o)
    0x080001fa   0x00000000   Code   RO         1198    .ARM.Collect$$libshutdown$$00000006  c_w.l(libshutdown2.o)
    0x080001fa   0x00000000   Code   RO         1201    .ARM.Collect$$libshutdown$$00000009  c_w.l(libshutdown2.o)
    0x080001fa   0x00000000   Code   RO         1203    .ARM.Collect$$libshutdown$$0000000B  c_w.l(libshutdown2.o)
    0x080001fa   0x00000000   Code   RO         1206    .ARM.Collect$$libshutdown$$0000000E  c_w.l(libshutdown2.o)
    0x080001fa   0x00000002   Code   RO         1207    .ARM.Collect$$libshutdown$$0000000F  c_w.l(libshutdown2.o)
    0x080001fc   0x00000000   Code   RO          977    .ARM.Collect$$rtentry$$00000000  c_w.l(__rtentry.o)
    0x080001fc   0x00000000   Code   RO         1042    .ARM.Collect$$rtentry$$00000002  c_w.l(__rtentry2.o)
    0x080001fc   0x00000006   Code   RO         1054    .ARM.Collect$$rtentry$$00000004  c_w.l(__rtentry4.o)
    0x08000202   0x00000000   Code   RO         1044    .ARM.Collect$$rtentry$$00000009  c_w.l(__rtentry2.o)
    0x08000202   0x00000004   Code   RO         1045    .ARM.Collect$$rtentry$$0000000A  c_w.l(__rtentry2.o)
    0x08000206   0x00000000   Code   RO         1047    .ARM.Collect$$rtentry$$0000000C  c_w.l(__rtentry2.o)
    0x08000206   0x00000008   Code   RO         1048    .ARM.Collect$$rtentry$$0000000D  c_w.l(__rtentry2.o)
    0x0800020e   0x00000002   Code   RO         1100    .ARM.Collect$$rtexit$$00000000  c_w.l(rtexit.o)
    0x08000210   0x00000000   Code   RO         1154    .ARM.Collect$$rtexit$$00000002  c_w.l(rtexit2.o)
    0x08000210   0x00000004   Code   RO         1155    .ARM.Collect$$rtexit$$00000003  c_w.l(rtexit2.o)
    0x08000214   0x00000006   Code   RO         1156    .ARM.Collect$$rtexit$$00000004  c_w.l(rtexit2.o)
    0x0800021a   0x00000002   PAD
    0x0800021c   0x00000770   Code   RO            1    .text               main.o
    0x0800098c   0x00000078   Code   RO          161    .text               stm32f10x_it.o
    0x08000a04   0x000001e0   Code   RO          205    .text               system_stm32f10x.o
    0x08000be4   0x00000050   Code   RO          223    .text               led.o
    0x08000c34   0x00000660   Code   RO          253    .text               moto.o
    0x08001294   0x00000440   Code   RO          269    .text               timer.o
    0x080016d4   0x00000092   Code   RO          286    .text               wdg.o
    0x08001766   0x00000002   PAD
    0x08001768   0x000000cc   Code   RO          301    .text               pwm.o
    0x08001834   0x00000434   Code   RO          313    .text               ms5611.o
    0x08001c68   0x00000274   Code   RO          339    .text               myiic.o
    0x08001edc   0x00000368   Code   RO          351    .text               mpu6050.o
    0x08002244   0x00000250   Code   RO          363    .text               mpuiic.o
    0x08002494   0x00002288   Code   RO          375    .text               inv_mpu.o
    0x0800471c   0x00000d70   Code   RO          405    .text               inv_mpu_dmp_motion_driver.o
    0x0800548c   0x000004ac   Code   RO          426    .text               ano-tech.o
    0x08005938   0x000000d4   Code   RO          464    .text               delay.o
    0x08005a0c   0x00000450   Code   RO          495    .text               usart.o
    0x08005e5c   0x00000040   Code   RO          531    .text               startup_stm32f10x_hd.o
    0x08005e9c   0x0000035c   Code   RO          535    .text               stm32f10x_gpio.o
    0x080061f8   0x000003a4   Code   RO          547    .text               stm32f10x_rcc.o
    0x0800659c   0x00000408   Code   RO          561    .text               stm32f10x_usart.o
    0x080069a4   0x000000dc   Code   RO          573    .text               misc.o
    0x08006a80   0x00000040   Code   RO          729    .text               stm32f10x_iwdg.o
    0x08006ac0   0x00000e1a   Code   RO          777    .text               stm32f10x_tim.o
    0x080078da   0x00000002   PAD
    0x080078dc   0x00000088   Code   RO          789    .text               stm32f10x_wwdg.o
    0x08007964   0x00000002   Code   RO          815    .text               c_w.l(use_no_semi_2.o)
    0x08007966   0x00000048   Code   RO          817    .text               c_w.l(llsdiv.o)
    0x080079ae   0x00000002   PAD
    0x080079b0   0x00000018   Code   RO          821    .text               c_w.l(noretval__2printf.o)
    0x080079c8   0x0000004e   Code   RO          825    .text               c_w.l(_printf_pad.o)
    0x08007a16   0x00000002   PAD
    0x08007a18   0x00000078   Code   RO          827    .text               c_w.l(_printf_dec.o)
    0x08007a90   0x00000058   Code   RO          832    .text               c_w.l(_printf_hex_int.o)
    0x08007ae8   0x00000138   Code   RO          862    .text               c_w.l(__printf_flags_wp.o)
    0x08007c20   0x00000058   Code   RO          873    .text               c_w.l(memcmp.o)
    0x08007c78   0x00000010   Code   RO          875    .text               c_w.l(aeabi_memset.o)
    0x08007c88   0x00000006   Code   RO          877    .text               c_w.l(heapauxi.o)
    0x08007c8e   0x00000002   Code   RO          975    .text               c_w.l(use_no_semi.o)
    0x08007c90   0x000000ee   Code   RO          978    .text               c_w.l(lludivv7m.o)
    0x08007d7e   0x00000016   Code   RO          980    .text               c_w.l(_rserrno.o)
    0x08007d94   0x000000b2   Code   RO          982    .text               c_w.l(_printf_intcommon.o)
    0x08007e46   0x00000002   PAD
    0x08007e48   0x00000024   Code   RO          984    .text               c_w.l(_printf_char_file.o)
    0x08007e6c   0x00000044   Code   RO          987    .text               c_w.l(rt_memclr.o)
    0x08007eb0   0x00000008   Code   RO         1063    .text               c_w.l(rt_errno_addr_intlibspace.o)
    0x08007eb8   0x00000030   Code   RO         1065    .text               c_w.l(_printf_char_common.o)
    0x08007ee8   0x00000008   Code   RO         1067    .text               c_w.l(ferror.o)
    0x08007ef0   0x0000004e   Code   RO         1071    .text               c_w.l(rt_memclr_w.o)
    0x08007f3e   0x00000002   PAD
    0x08007f40   0x00000008   Code   RO         1079    .text               c_w.l(libspace.o)
    0x08007f48   0x0000004a   Code   RO         1082    .text               c_w.l(sys_stackheap_outer.o)
    0x08007f92   0x0000000c   Code   RO         1088    .text               c_w.l(exit.o)
    0x08007f9e   0x00000028   Code   RO         1028    i.__ARM_fpclassify  m_ws.l(fpclassify.o)
    0x08007fc6   0x000000aa   Code   RO         1030    i.__kernel_poly     m_ws.l(poly.o)
    0x08008070   0x00000010   Code   RO         1014    i.__mathlib_dbl_divzero  m_ws.l(dunder.o)
    0x08008080   0x00000006   Code   RO         1015    i.__mathlib_dbl_infnan  m_ws.l(dunder.o)
    0x08008086   0x00000004   Code   RO         1016    i.__mathlib_dbl_infnan2  m_ws.l(dunder.o)
    0x0800808a   0x0000000c   Code   RO         1017    i.__mathlib_dbl_invalid  m_ws.l(dunder.o)
    0x08008096   0x0000000e   Code   RO         1018    i.__mathlib_dbl_overflow  m_ws.l(dunder.o)
    0x080080a4   0x00000010   Code   RO         1020    i.__mathlib_dbl_underflow  m_ws.l(dunder.o)
    0x080080b4   0x0000000e   Code   RO          860    i._is_digit         c_w.l(__printf_wp.o)
    0x080080c2   0x00000002   PAD
    0x080080c4   0x00000270   Code   RO          948    i.asin              m_ws.l(asin.o)
    0x08008334   0x00000220   Code   RO         1005    i.atan              m_ws.l(atan.o)
    0x08008554   0x00000180   Code   RO          958    i.atan2             m_ws.l(atan2.o)
    0x080086d4   0x000009b8   Code   RO          966    i.pow               m_ws.l(pow.o)
    0x0800908c   0x0000004c   Code   RO         1034    i.sqrt              m_ws.l(sqrt.o)
    0x080090d8   0x00000062   Code   RO          881    x$fpl$d2f           fz_ws.l(d2f.o)
    0x0800913a   0x00000002   PAD
    0x0800913c   0x00000150   Code   RO          883    x$fpl$dadd          fz_ws.l(daddsub_clz.o)
    0x0800928c   0x00000010   Code   RO         1073    x$fpl$dcheck1       fz_ws.l(dcheck1.o)
    0x0800929c   0x00000018   Code   RO         1096    x$fpl$dcmpinf       fz_ws.l(dcmpi.o)
    0x080092b4   0x000002b0   Code   RO          890    x$fpl$ddiv          fz_ws.l(ddiv.o)
    0x08009564   0x0000005a   Code   RO          893    x$fpl$dfixu         fz_ws.l(dfixu.o)
    0x080095be   0x0000002e   Code   RO          898    x$fpl$dflt          fz_ws.l(dflt_clz.o)
    0x080095ec   0x000000a2   Code   RO          903    x$fpl$dfltll        fz_ws.l(dfltll_clz.o)
    0x0800968e   0x00000026   Code   RO          897    x$fpl$dfltu         fz_ws.l(dflt_clz.o)
    0x080096b4   0x00000078   Code   RO         1075    x$fpl$dleqf         fz_ws.l(dleqf.o)
    0x0800972c   0x00000154   Code   RO          907    x$fpl$dmul          fz_ws.l(dmul.o)
    0x08009880   0x0000009c   Code   RO          989    x$fpl$dnaninf       fz_ws.l(dnaninf.o)
    0x0800991c   0x0000000c   Code   RO          991    x$fpl$dretinf       fz_ws.l(dretinf.o)
    0x08009928   0x0000006c   Code   RO          993    x$fpl$drleqf        fz_ws.l(drleqf.o)
    0x08009994   0x00000016   Code   RO          884    x$fpl$drsb          fz_ws.l(daddsub_clz.o)
    0x080099aa   0x00000002   PAD
    0x080099ac   0x000001cc   Code   RO         1077    x$fpl$dsqrt         fz_ws.l(dsqrt_noumaal.o)
    0x08009b78   0x000001d4   Code   RO          885    x$fpl$dsub          fz_ws.l(daddsub_clz.o)
    0x08009d4c   0x00000056   Code   RO          909    x$fpl$f2d           fz_ws.l(f2d.o)
    0x08009da2   0x00000002   PAD
    0x08009da4   0x000000c4   Code   RO          911    x$fpl$fadd          fz_ws.l(faddsub_clz.o)
    0x08009e68   0x00000018   Code   RO          995    x$fpl$fcmpinf       fz_ws.l(fcmpi.o)
    0x08009e80   0x00000184   Code   RO          918    x$fpl$fdiv          fz_ws.l(fdiv.o)
    0x0800a004   0x00000068   Code   RO          921    x$fpl$feqf          fz_ws.l(feqf.o)
    0x0800a06c   0x00000036   Code   RO          923    x$fpl$ffix          fz_ws.l(ffix.o)
    0x0800a0a2   0x00000002   PAD
    0x0800a0a4   0x0000003e   Code   RO          931    x$fpl$ffixu         fz_ws.l(ffixu.o)
    0x0800a0e2   0x00000002   PAD
    0x0800a0e4   0x00000030   Code   RO          936    x$fpl$fflt          fz_ws.l(fflt_clz.o)
    0x0800a114   0x00000026   Code   RO          935    x$fpl$ffltu         fz_ws.l(fflt_clz.o)
    0x0800a13a   0x00000002   PAD
    0x0800a13c   0x00000068   Code   RO          941    x$fpl$fleqf         fz_ws.l(fleqf.o)
    0x0800a1a4   0x00000102   Code   RO          943    x$fpl$fmul          fz_ws.l(fmul.o)
    0x0800a2a6   0x0000008c   Code   RO          997    x$fpl$fnaninf       fz_ws.l(fnaninf.o)
    0x0800a332   0x0000000a   Code   RO          999    x$fpl$fretinf       fz_ws.l(fretinf.o)
    0x0800a33c   0x00000062   Code   RO          945    x$fpl$frleqf        fz_ws.l(frleqf.o)
    0x0800a39e   0x00000014   Code   RO          912    x$fpl$frsb          fz_ws.l(faddsub_clz.o)
    0x0800a3b2   0x00000002   PAD
    0x0800a3b4   0x000000ea   Code   RO          913    x$fpl$fsub          fz_ws.l(faddsub_clz.o)
    0x0800a49e   0x00000002   PAD
    0x0800a4a0   0x00000086   Code   RO          927    x$fpl$llsfromf      fz_ws.l(ffixll.o)
    0x0800a526   0x00000064   Code   RO         1098    x$fpl$retnan        fz_ws.l(retnan.o)
    0x0800a58a   0x0000005c   Code   RO         1001    x$fpl$scalbn        fz_ws.l(scalbn.o)
    0x0800a5e6   0x00000030   Code   RO         1151    x$fpl$trapveneer    fz_ws.l(trapv.o)
    0x0800a616   0x00000000   Code   RO         1003    x$fpl$usenofp       fz_ws.l(usenofp.o)
    0x0800a616   0x00000002   PAD
    0x0800a618   0x00000050   Data   RO          376    .constdata          inv_mpu.o
    0x0800a668   0x00000bf6   Data   RO          407    .constdata          inv_mpu_dmp_motion_driver.o
    0x0800b25e   0x00000028   Data   RO          833    .constdata          c_w.l(_printf_hex_int.o)
    0x0800b286   0x00000011   Data   RO          863    .constdata          c_w.l(__printf_flags_wp.o)
    0x0800b297   0x00000001   PAD
    0x0800b298   0x00000050   Data   RO          949    .constdata          m_ws.l(asin.o)
    0x0800b2e8   0x00000088   Data   RO          967    .constdata          m_ws.l(pow.o)
    0x0800b370   0x00000098   Data   RO         1006    .constdata          m_ws.l(atan.o)
    0x0800b408   0x00000008   Data   RO         1032    .constdata          m_ws.l(qnan.o)
    0x0800b410   0x0000004d   Data   RO          377    .conststring        inv_mpu.o
    0x0800b45d   0x00000003   PAD
    0x0800b460   0x00000020   Data   RO         1225    Region$$Table       anon$$obj.o


    Execution Region RW_IRAM1 (Base: 0x20000000, Size: 0x00000b20, Max: 0x0000c000, ABSOLUTE, COMPRESSED[0x00000044])

    Base Addr    Size         Type   Attr      Idx    E Section Name        Object

    0x20000000   0x000000b0   Data   RW            3    .data               main.o
    0x200000b0   0x00000008   Data   RW          162    .data               stm32f10x_it.o
    0x200000b8   0x00000014   Data   RW          206    .data               system_stm32f10x.o
    0x200000cc   0x00000020   Data   RW          254    .data               moto.o
    0x200000ec   0x00000040   Data   RW          271    .data               timer.o
    0x2000012c   0x00000004   PAD
    0x20000130   0x00000084   Data   RW          315    .data               ms5611.o
    0x200001b4   0x00000035   Data   RW          378    .data               inv_mpu.o
    0x200001e9   0x00000001   PAD
    0x200001ea   0x00000004   Data   RW          465    .data               delay.o
    0x200001ee   0x00000002   PAD
    0x200001f0   0x0000002d   Data   RW          497    .data               usart.o
    0x2000021d   0x00000014   Data   RW          548    .data               stm32f10x_rcc.o
    0x20000231   0x00000003   PAD
    0x20000234   0x00000054   Zero   RW            2    .bss                main.o
    0x20000288   0x0000000a   Zero   RW          270    .bss                timer.o
    0x20000292   0x00000002   PAD
    0x20000294   0x000000a8   Zero   RW          314    .bss                ms5611.o
    0x2000033c   0x00000010   Zero   RW          406    .bss                inv_mpu_dmp_motion_driver.o
    0x2000034c   0x00000032   Zero   RW          427    .bss                ano-tech.o
    0x2000037e   0x0000013f   Zero   RW          496    .bss                usart.o
    0x200004bd   0x00000003   PAD
    0x200004c0   0x00000060   Zero   RW         1080    .bss                c_w.l(libspace.o)
    0x20000520   0x00000200   Zero   RW          529    HEAP                startup_stm32f10x_hd.o
    0x20000720   0x00000400   Zero   RW          528    STACK               startup_stm32f10x_hd.o


==============================================================================

Image component sizes


      Code (inc. data)   RO Data    RW Data    ZI Data      Debug   Object Name

      1196         16          0          0         50       4414   ano-tech.o
       212         18          0          4          0       1099   delay.o
      8840        198        157         53          0      23329   inv_mpu.o
      3440        126       3062          0         16      15195   inv_mpu_dmp_motion_driver.o
        80          8          0          0          0        535   led.o
      1904        240          0        176         84     257366   main.o
       220         22          0          0          0       1873   misc.o
      1632        152          0         32          0       2409   moto.o
       872         18          0          0          0       4235   mpu6050.o
       592         14          0          0          0       2078   mpuiic.o
      1076        114          0        132        168       4016   ms5611.o
       628         12          0          0          0       1888   myiic.o
       204         12          0          0          0        776   pwm.o
        64         26        304          0       1536        820   startup_stm32f10x_hd.o
       860         38          0          0          0       5721   stm32f10x_gpio.o
       120         12          0          8          0       2182   stm32f10x_it.o
        64          6          0          0          0       1305   stm32f10x_iwdg.o
       932         36          0         20          0       8932   stm32f10x_rcc.o
      3610         88          0          0          0      22204   stm32f10x_tim.o
      1032         22          0          0          0       8444   stm32f10x_usart.o
       136         10          0          0          0       2372   stm32f10x_wwdg.o
         0          0          0          0          0         32   sys.o
       480         38          0         20          0       1851   system_stm32f10x.o
      1088        118          0         64         10       3117   timer.o
      1104         52          0         45        319       6322   usart.o
       146          0          0          0          0       1368   wdg.o

    ----------------------------------------------------------------------
     30536       1396       3558        564       2188     383883   Object Totals
         0          0         32          0          0          0   (incl. Generated)
         4          0          3         10          5          0   (incl. Padding)

    ----------------------------------------------------------------------

      Code (inc. data)   RO Data    RW Data    ZI Data      Debug   Library Member Name

        90          0          0          0          0          0   __dczerorl2.o
         8          0          0          0          0         68   __main.o
       312          4         17          0          0         92   __printf_flags_wp.o
        14          0          0          0          0         68   __printf_wp.o
         0          0          0          0          0          0   __rtentry.o
        12          0          0          0          0          0   __rtentry2.o
         6          0          0          0          0          0   __rtentry4.o
        52          8          0          0          0          0   __scatter.o
        28          0          0          0          0          0   __scatter_zi.o
        48          6          0          0          0         96   _printf_char_common.o
        36          4          0          0          0         80   _printf_char_file.o
         6          0          0          0          0          0   _printf_d.o
       120         16          0          0          0         92   _printf_dec.o
        88          4         40          0          0         88   _printf_hex_int.o
       178          0          0          0          0         88   _printf_intcommon.o
        78          0          0          0          0        108   _printf_pad.o
         0          0          0          0          0          0   _printf_percent.o
         4          0          0          0          0          0   _printf_percent_end.o
         6          0          0          0          0          0   _printf_x.o
        22          0          0          0          0        100   _rserrno.o
        16          0          0          0          0         68   aeabi_memset.o
        12          0          0          0          0         72   exit.o
         8          0          0          0          0         68   ferror.o
         6          0          0          0          0        152   heapauxi.o
         2          0          0          0          0          0   libinit.o
         2          0          0          0          0          0   libinit2.o
         2          0          0          0          0          0   libshutdown.o
         2          0          0          0          0          0   libshutdown2.o
         8          4          0          0         96         68   libspace.o
        72          0          0          0          0         76   llsdiv.o
       238          0          0          0          0        100   lludivv7m.o
        88          0          0          0          0         76   memcmp.o
        24          4          0          0          0         84   noretval__2printf.o
         8          4          0          0          0         68   rt_errno_addr_intlibspace.o
        68          0          0          0          0         68   rt_memclr.o
        78          0          0          0          0         80   rt_memclr_w.o
         2          0          0          0          0          0   rtexit.o
        10          0          0          0          0          0   rtexit2.o
        74          0          0          0          0         80   sys_stackheap_outer.o
         2          0          0          0          0         68   use_no_semi.o
         2          0          0          0          0         68   use_no_semi_2.o
        98          4          0          0          0         92   d2f.o
       826         16          0          0          0        348   daddsub_clz.o
        16          4          0          0          0         68   dcheck1.o
        24          0          0          0          0         68   dcmpi.o
       688        140          0          0          0        208   ddiv.o
        90          4          0          0          0         92   dfixu.o
        84          0          0          0          0        136   dflt_clz.o
       162          0          0          0          0         84   dfltll_clz.o
       120          4          0          0          0         92   dleqf.o
       340         12          0          0          0        104   dmul.o
       156          4          0          0          0         92   dnaninf.o
        12          0          0          0          0         68   dretinf.o
       108          0          0          0          0         80   drleqf.o
       460         56          0          0          0        120   dsqrt_noumaal.o
        86          4          0          0          0         84   f2d.o
       450          8          0          0          0        236   faddsub_clz.o
        24          0          0          0          0         68   fcmpi.o
       388         76          0          0          0         96   fdiv.o
       104          4          0          0          0         84   feqf.o
        54          4          0          0          0         84   ffix.o
       134          4          0          0          0         84   ffixll.o
        62          4          0          0          0         84   ffixu.o
        86          0          0          0          0        136   fflt_clz.o
       104          4          0          0          0         84   fleqf.o
       258          4          0          0          0         84   fmul.o
       140          4          0          0          0         84   fnaninf.o
        10          0          0          0          0         68   fretinf.o
        98          0          0          0          0         68   frleqf.o
       100          0          0          0          0         68   retnan.o
        92          0          0          0          0         68   scalbn.o
        48          0          0          0          0         68   trapv.o
         0          0          0          0          0          0   usenofp.o
       624         52         80          0          0        168   asin.o
       544         70        152          0          0        124   atan.o
       384         38          0          0          0        144   atan2.o
        68         10          0          0          0        408   dunder.o
        40          0          0          0          0         68   fpclassify.o
       170          0          0          0          0         96   poly.o
      2488        190        136          0          0        300   pow.o
         0          0          8          0          0          0   qnan.o
        76          0          0          0          0         84   sqrt.o

    ----------------------------------------------------------------------
     11680        774        434          0         96       6668   Library Totals
        32          0          1          0          0          0   (incl. Padding)

    ----------------------------------------------------------------------

      Code (inc. data)   RO Data    RW Data    ZI Data      Debug   Library Name

      1832         54         57          0         96       2076   c_w.l
      5422        360          0          0          0       3200   fz_ws.l
      4394        360        376          0          0       1392   m_ws.l

    ----------------------------------------------------------------------
     11680        774        434          0         96       6668   Library Totals

    ----------------------------------------------------------------------

==============================================================================


      Code (inc. data)   RO Data    RW Data    ZI Data      Debug   

     42216       2170       3992        564       2284     384775   Grand Totals
     42216       2170       3992         68       2284     384775   ELF Image Totals (compressed)
     42216       2170       3992         68          0          0   ROM Totals

==============================================================================

    Total RO  Size (Code + RO Data)                46208 (  45.13kB)
    Total RW  Size (RW Data + ZI Data)              2848 (   2.78kB)
    Total ROM Size (Code + RO Data + RW Data)      46276 (  45.19kB)

==============================================================================

